Archive member included to satisfy reference by file (symbol)

c:/rt-threadstudio/repo/extract/toolchain_support_packages/arm/gnu_tools_for_arm_embedded_processors/5.4.1/bin/../lib/gcc/arm-none-eabi/5.4.1/../../../../arm-none-eabi/lib/armv7e-m/fpu\libc.a(lib_a-atoi.o)
                              ./rt-thread/components/finsh/msh_file.o (atoi)
c:/rt-threadstudio/repo/extract/toolchain_support_packages/arm/gnu_tools_for_arm_embedded_processors/5.4.1/bin/../lib/gcc/arm-none-eabi/5.4.1/../../../../arm-none-eabi/lib/armv7e-m/fpu\libc.a(lib_a-exit.o)
                              c:/rt-threadstudio/repo/extract/toolchain_support_packages/arm/gnu_tools_for_arm_embedded_processors/5.4.1/bin/../lib/gcc/arm-none-eabi/5.4.1/../../../../arm-none-eabi/lib/armv7e-m/fpu/crt0.o (exit)
c:/rt-threadstudio/repo/extract/toolchain_support_packages/arm/gnu_tools_for_arm_embedded_processors/5.4.1/bin/../lib/gcc/arm-none-eabi/5.4.1/../../../../arm-none-eabi/lib/armv7e-m/fpu\libc.a(lib_a-impure.o)
                              c:/rt-threadstudio/repo/extract/toolchain_support_packages/arm/gnu_tools_for_arm_embedded_processors/5.4.1/bin/../lib/gcc/arm-none-eabi/5.4.1/../../../../arm-none-eabi/lib/armv7e-m/fpu\libc.a(lib_a-exit.o) (_global_impure_ptr)
c:/rt-threadstudio/repo/extract/toolchain_support_packages/arm/gnu_tools_for_arm_embedded_processors/5.4.1/bin/../lib/gcc/arm-none-eabi/5.4.1/../../../../arm-none-eabi/lib/armv7e-m/fpu\libc.a(lib_a-locale.o)
                              ./rt-thread/components/libc/compilers/common/cstring.o (__locale_ctype_ptr)
c:/rt-threadstudio/repo/extract/toolchain_support_packages/arm/gnu_tools_for_arm_embedded_processors/5.4.1/bin/../lib/gcc/arm-none-eabi/5.4.1/../../../../arm-none-eabi/lib/armv7e-m/fpu\libc.a(lib_a-malloc.o)
                              ./rt-thread/components/libc/compilers/common/cstring.o (malloc)
c:/rt-threadstudio/repo/extract/toolchain_support_packages/arm/gnu_tools_for_arm_embedded_processors/5.4.1/bin/../lib/gcc/arm-none-eabi/5.4.1/../../../../arm-none-eabi/lib/armv7e-m/fpu\libc.a(lib_a-mbtowc_r.o)
                              c:/rt-threadstudio/repo/extract/toolchain_support_packages/arm/gnu_tools_for_arm_embedded_processors/5.4.1/bin/../lib/gcc/arm-none-eabi/5.4.1/../../../../arm-none-eabi/lib/armv7e-m/fpu\libc.a(lib_a-locale.o) (__ascii_mbtowc)
c:/rt-threadstudio/repo/extract/toolchain_support_packages/arm/gnu_tools_for_arm_embedded_processors/5.4.1/bin/../lib/gcc/arm-none-eabi/5.4.1/../../../../arm-none-eabi/lib/armv7e-m/fpu\libc.a(lib_a-memcmp.o)
                              ./rt-thread/components/finsh/shell.o (memcmp)
c:/rt-threadstudio/repo/extract/toolchain_support_packages/arm/gnu_tools_for_arm_embedded_processors/5.4.1/bin/../lib/gcc/arm-none-eabi/5.4.1/../../../../arm-none-eabi/lib/armv7e-m/fpu\libc.a(lib_a-memset.o)
                              c:/rt-threadstudio/repo/extract/toolchain_support_packages/arm/gnu_tools_for_arm_embedded_processors/5.4.1/bin/../lib/gcc/arm-none-eabi/5.4.1/../../../../arm-none-eabi/lib/armv7e-m/fpu/crt0.o (memset)
c:/rt-threadstudio/repo/extract/toolchain_support_packages/arm/gnu_tools_for_arm_embedded_processors/5.4.1/bin/../lib/gcc/arm-none-eabi/5.4.1/../../../../arm-none-eabi/lib/armv7e-m/fpu\libc.a(lib_a-strchr.o)
                              ./rt-thread/components/libc/compilers/common/cstring.o (strchr)
c:/rt-threadstudio/repo/extract/toolchain_support_packages/arm/gnu_tools_for_arm_embedded_processors/5.4.1/bin/../lib/gcc/arm-none-eabi/5.4.1/../../../../arm-none-eabi/lib/armv7e-m/fpu\libc.a(lib_a-strcmp.o)
                              ./rt-thread/components/finsh/cmd.o (strcmp)
c:/rt-threadstudio/repo/extract/toolchain_support_packages/arm/gnu_tools_for_arm_embedded_processors/5.4.1/bin/../lib/gcc/arm-none-eabi/5.4.1/../../../../arm-none-eabi/lib/armv7e-m/fpu\libc.a(lib_a-strcpy.o)
                              ./rt-thread/components/libc/compilers/common/cstring.o (strcpy)
c:/rt-threadstudio/repo/extract/toolchain_support_packages/arm/gnu_tools_for_arm_embedded_processors/5.4.1/bin/../lib/gcc/arm-none-eabi/5.4.1/../../../../arm-none-eabi/lib/armv7e-m/fpu\libc.a(lib_a-strlen.o)
                              ./rt-thread/src/kservice.o (strlen)
c:/rt-threadstudio/repo/extract/toolchain_support_packages/arm/gnu_tools_for_arm_embedded_processors/5.4.1/bin/../lib/gcc/arm-none-eabi/5.4.1/../../../../arm-none-eabi/lib/armv7e-m/fpu\libc.a(lib_a-strncat.o)
                              ./rt-thread/components/drivers/misc/pin.o (strncat)
c:/rt-threadstudio/repo/extract/toolchain_support_packages/arm/gnu_tools_for_arm_embedded_processors/5.4.1/bin/../lib/gcc/arm-none-eabi/5.4.1/../../../../arm-none-eabi/lib/armv7e-m/fpu\libc.a(lib_a-strncmp.o)
                              ./rt-thread/src/object.o (strncmp)
c:/rt-threadstudio/repo/extract/toolchain_support_packages/arm/gnu_tools_for_arm_embedded_processors/5.4.1/bin/../lib/gcc/arm-none-eabi/5.4.1/../../../../arm-none-eabi/lib/armv7e-m/fpu\libc.a(lib_a-strncpy.o)
[...]
Memory Configuration

Name             Origin             Length             Attributes
CODE             0x08000000         0x00100000         xr
DATA             0x20000000         0x00020000         rw
*default*        0x00000000         0xffffffff

Linker script and memory map

LOAD c:/rt-threadstudio/repo/extract/toolchain_support_packages/arm/gnu_tools_for_arm_embedded_processors/5.4.1/bin/../lib/gcc/arm-none-eabi/5.4.1/armv7e-m/fpu/crti.o
LOAD c:/rt-threadstudio/repo/extract/toolchain_support_packages/arm/gnu_tools_for_arm_embedded_processors/5.4.1/bin/../lib/gcc/arm-none-eabi/5.4.1/armv7e-m/fpu/crtbegin.o
LOAD c:/rt-threadstudio/repo/extract/toolchain_support_packages/arm/gnu_tools_for_arm_embedded_processors/5.4.1/bin/../lib/gcc/arm-none-eabi/5.4.1/../../../../arm-none-eabi/lib/armv7e-m/fpu/crt0.o
LOAD ./rt-thread/src/clock.o
LOAD ./rt-thread/src/components.o
LOAD ./rt-thread/src/device.o
LOAD ./rt-thread/src/idle.o
LOAD ./rt-thread/src/ipc.o
LOAD ./rt-thread/src/irq.o
LOAD ./rt-thread/src/kservice.o
LOAD ./rt-thread/src/mem.o
LOAD ./rt-thread/src/mempool.o
LOAD ./rt-thread/src/object.o
LOAD ./rt-thread/src/scheduler.o
LOAD ./rt-thread/src/thread.o
LOAD ./rt-thread/src/timer.o
LOAD ./rt-thread/libcpu/arm/cortex-m4/context_gcc.o
LOAD ./rt-thread/libcpu/arm/cortex-m4/cpuport.o
LOAD ./rt-thread/libcpu/arm/common/backtrace.o
LOAD ./rt-thread/libcpu/arm/common/div0.o
LOAD ./rt-thread/libcpu/arm/common/showmem.o
LOAD ./rt-thread/components/libc/compilers/newlib/syscalls.o
LOAD ./rt-thread/components/libc/compilers/common/cctype.o
LOAD ./rt-thread/components/libc/compilers/common/cstdio.o
LOAD ./rt-thread/components/libc/compilers/common/cstdlib.o
LOAD ./rt-thread/components/libc/compilers/common/cstring.o
LOAD ./rt-thread/components/libc/compilers/common/ctime.o
LOAD ./rt-thread/components/libc/compilers/common/cwchar.o
LOAD ./rt-thread/components/finsh/cmd.o
LOAD ./rt-thread/components/finsh/msh.o
LOAD ./rt-thread/components/finsh/msh_file.o
LOAD ./rt-thread/components/finsh/msh_parse.o
LOAD ./rt-thread/components/finsh/shell.o
LOAD ./rt-thread/components/drivers/serial/serial.o
LOAD ./rt-thread/components/drivers/misc/pin.o
LOAD ./rt-thread/components/drivers/ipc/completion.o
LOAD ./rt-thread/components/drivers/ipc/dataqueue.o
LOAD ./rt-thread/components/drivers/ipc/pipe.o
LOAD ./rt-thread/components/drivers/ipc/ringblk_buf.o
LOAD ./rt-thread/components/drivers/ipc/ringbuffer.o
LOAD ./rt-thread/components/drivers/ipc/waitqueue.o
LOAD ./rt-thread/components/drivers/ipc/workqueue.o
LOAD ./rt-thread/components/dfs/src/dfs.o
LOAD ./rt-thread/components/dfs/src/dfs_file.o
LOAD ./rt-thread/components/dfs/src/dfs_fs.o
LOAD ./rt-thread/components/dfs/src/dfs_posix.o
LOAD ./libraries/Drivers/drv_common.o
LOAD ./libraries/Drivers/drv_gpio.o
LOAD ./libraries/Drivers/drv_usart.o
LOAD ./libraries/APM32F4xx_Library/Device/Geehy/APM32F4xx/Source/gcc/startup_apm32f40x.o
LOAD ./libraries/APM32F4xx_Library/Device/Geehy/APM32F4xx/Source/system_apm32f4xx.o
LOAD ./libraries/APM32F4xx_Library/APM32F4xx_StdPeriphDriver/src/apm32f4xx_eint.o
LOAD ./libraries/APM32F4xx_Library/APM32F4xx_StdPeriphDriver/src/apm32f4xx_gpio.o
LOAD ./libraries/APM32F4xx_Library/APM32F4xx_StdPeriphDriver/src/apm32f4xx_misc.o
LOAD ./libraries/APM32F4xx_Library/APM32F4xx_StdPeriphDriver/src/apm32f4xx_rcm.o
LOAD ./libraries/APM32F4xx_Library/APM32F4xx_StdPeriphDriver/src/apm32f4xx_usart.o
LOAD ./board/board.o
LOAD ./applications/main.o
LOAD c:/rt-threadstudio/repo/extract/toolchain_support_packages/arm/gnu_tools_for_arm_embedded_processors/5.4.1/bin/../lib/gcc/arm-none-eabi/5.4.1/../../../../arm-none-eabi/lib/armv7e-m/fpu\libc.a
LOAD c:/rt-threadstudio/repo/extract/toolchain_support_packages/arm/gnu_tools_for_arm_embedded_processors/5.4.1/bin/../lib/gcc/arm-none-eabi/5.4.1/../../../../arm-none-eabi/lib/armv7e-m/fpu\libm.a
START GROUP
LOAD c:/rt-threadstudio/repo/extract/toolchain_support_packages/arm/gnu_tools_for_arm_embedded_processors/5.4.1/bin/../lib/gcc/arm-none-eabi/5.4.1/armv7e-m/fpu\libgcc.a
LOAD c:/rt-threadstudio/repo/extract/toolchain_support_packages/arm/gnu_tools_for_arm_embedded_processors/5.4.1/bin/../lib/gcc/arm-none-eabi/5.4.1/../../../../arm-none-eabi/lib/armv7e-m/fpu\libc.a
END GROUP
LOAD c:/rt-threadstudio/repo/extract/toolchain_support_packages/arm/gnu_tools_for_arm_embedded_processors/5.4.1/bin/../lib/gcc/arm-none-eabi/5.4.1/armv7e-m/fpu/crtend.o
LOAD c:/rt-threadstudio/repo/extract/toolchain_support_packages/arm/gnu_tools_for_arm_embedded_processors/5.4.1/bin/../lib/gcc/arm-none-eabi/5.4.1/armv7e-m/fpu/crtn.o
                0x00000200                _system_stack_size = 0x200

.text           0x08000000    0x120e8
                0x08000000                . = ALIGN (0x4)
                0x08000000                _stext = .
 *(.isr_vector)
 .isr_vector    0x08000000      0x194 ./libraries/APM32F4xx_Library/Device/Geehy/APM32F4xx/Source/gcc/startup_apm32f40x.o
                0x08000000                g_pfnVectors
                0x08000194                . = ALIGN (0x4)
 *(.text)
 .text          0x08000194      0x144 ./rt-thread/libcpu/arm/cortex-m4/context_gcc.o
                0x08000194                rt_hw_interrupt_disable
                0x0800019c                rt_hw_interrupt_enable
                0x080001a2                rt_hw_context_switch_interrupt
                0x080001a2                rt_hw_context_switch
                0x080001c2                PendSV_Handler
                0x0800022e                rt_hw_context_switch_to
                0x0800027c                rt_hw_interrupt_thread_switch
                0x08000280                HardFault_Handler
 *fill*         0x080002d8        0x8 00000000
 .text          0x080002e0      0x2dc c:/rt-threadstudio/repo/extract/toolchain_support_packages/arm/gnu_tools_for_arm_embedded_processors/5.4.1/bin/../lib/gcc/arm-none-eabi/5.4.1/../../../../arm-none-eabi/lib/armv7e-m/fpu\libc.a(lib_a-strcmp.o)
                0x080002e8                strcmp
 *fill*         0x080005bc        0x4 00000000
 .text          0x080005c0       0xdc c:/rt-threadstudio/repo/extract/toolchain_support_packages/arm/gnu_tools_for_arm_embedded_processors/5.4.1/bin/../lib/gcc/arm-none-eabi/5.4.1/../../../../arm-none-eabi/lib/armv7e-m/fpu\libc.a(lib_a-strlen.o)
                0x080005c0                strlen
 *fill*         0x0800069c        0x4 00000000
 .text          0x080006a0       0xa0 c:/rt-threadstudio/repo/extract/toolchain_support_packages/arm/gnu_tools_for_arm_embedded_processors/5.4.1/bin/../lib/gcc/arm-none-eabi/5.4.1/../../../../arm-none-eabi/lib/armv7e-m/fpu\libc.a(lib_a-memchr.o)
                0x080006a0                memchr
 *(.text.*)
 .text.rt_tick_get
                0x08000740       0x18 ./rt-thread/src/clock.o
                0x08000740                rt_tick_get
 .text.rt_tick_increase
                0x08000758       0x7c ./rt-thread/src/clock.o
                0x08000758                rt_tick_increase
 .text.rt_tick_from_millisecond
                0x080007d4       0x78 ./rt-thread/src/clock.o
                0x080007d4                rt_tick_from_millisecond
 .text.rti_start
                0x0800084c       0x10 ./rt-thread/src/components.o
 .text.rti_board_start
                0x0800085c       0x10 ./rt-thread/src/components.o
 .text.rti_board_end
                0x0800086c       0x10 ./rt-thread/src/components.o
 .text.rti_end  0x0800087c       0x10 ./rt-thread/src/components.o
 .text.rt_components_board_init
                0x0800088c       0x30 ./rt-thread/src/components.o
                0x0800088c                rt_components_board_init
 .text.rt_components_init
                0x080008bc       0x30 ./rt-thread/src/components.o
                0x080008bc                rt_components_init
 .text.entry    0x080008ec       0x10 ./rt-thread/src/components.o
                0x080008ec                entry
 .text.main_thread_entry
                0x080008fc       0x18 ./rt-thread/src/components.o
                0x080008fc                main_thread_entry
 .text.rt_application_init
                0x08000914       0x4c ./rt-thread/src/components.o
                0x08000914                rt_application_init
 .text.rtthread_startup
                0x08000960       0x30 ./rt-thread/src/components.o
                0x08000960                rtthread_startup
 .text.rt_device_register
                0x08000990       0x54 ./rt-thread/src/device.o
                0x08000990                rt_device_register
 .text.rt_device_find
                0x080009e4       0x1c ./rt-thread/src/device.o
                0x080009e4                rt_device_find
 .text.rt_device_open
                0x08000a00      0x118 ./rt-thread/src/device.o
                0x08000a00                rt_device_open
 .text.rt_device_close
                0x08000b18       0x9c ./rt-thread/src/device.o
                0x08000b18                rt_device_close
 .text.rt_device_read
                0x08000bb4       0x88 ./rt-thread/src/device.o
                0x08000bb4                rt_device_read
 .text.rt_device_write
                0x08000c3c       0x88 ./rt-thread/src/device.o
                0x08000c3c                rt_device_write
 .text.rt_device_set_rx_indicate
                0x08000cc4       0x54 ./rt-thread/src/device.o
                0x08000cc4                rt_device_set_rx_indicate
 .text.rt_list_insert_after
                0x08000d18       0x34 ./rt-thread/src/idle.o
 .text.rt_list_remove
                0x08000d4c       0x38 ./rt-thread/src/idle.o
 .text.rt_thread_defunct_enqueue
                0x08000d84       0x20 ./rt-thread/src/idle.o
                0x08000d84                rt_thread_defunct_enqueue
 .text.rt_thread_defunct_dequeue
                0x08000da4       0x44 ./rt-thread/src/idle.o
                0x08000da4                rt_thread_defunct_dequeue
 .text.rt_defunct_execute
                0x08000de8       0x5c ./rt-thread/src/idle.o
 .text.rt_thread_idle_entry
                0x08000e44       0x38 ./rt-thread/src/idle.o
 .text.rt_thread_idle_init
                0x08000e7c       0x74 ./rt-thread/src/idle.o
                0x08000e7c                rt_thread_idle_init
 .text.rt_list_init
                0x08000ef0       0x24 ./rt-thread/src/ipc.o
 .text.rt_list_insert_before
                0x08000f14       0x34 ./rt-thread/src/ipc.o
 .text.rt_list_isempty
                0x08000f48       0x24 ./rt-thread/src/ipc.o
 .text._ipc_object_init
                0x08000f6c       0x1c ./rt-thread/src/ipc.o
 .text._ipc_list_suspend
                0x08000f88       0xa4 ./rt-thread/src/ipc.o
 .text._ipc_list_resume
                0x0800102c       0x20 ./rt-thread/src/ipc.o
 .text.rt_sem_init
                0x0800104c       0x88 ./rt-thread/src/ipc.o
                0x0800104c                rt_sem_init
 .text.rt_sem_take
                0x080010d4      0x190 ./rt-thread/src/ipc.o
                0x080010d4                rt_sem_take
 .text.rt_sem_release
                0x08001264       0xc0 ./rt-thread/src/ipc.o
                0x08001264                rt_sem_release
 .text.rt_mutex_init
                0x08001324       0x64 ./rt-thread/src/ipc.o
                0x08001324                rt_mutex_init
 .text.rt_mutex_take
                0x08001388      0x21c ./rt-thread/src/ipc.o
                0x08001388                rt_mutex_take
 .text.rt_mutex_release
                0x080015a4      0x1bc ./rt-thread/src/ipc.o
                0x080015a4                rt_mutex_release
 .text.rt_interrupt_enter
                0x08001760       0x40 ./rt-thread/src/irq.o
                0x08001760                rt_interrupt_enter
 .text.rt_interrupt_leave
                0x080017a0       0x40 ./rt-thread/src/irq.o
                0x080017a0                rt_interrupt_leave
 .text.rt_interrupt_get_nest
                0x080017e0       0x28 ./rt-thread/src/irq.o
                0x080017e0                rt_interrupt_get_nest
 .text.rt_strerror
                0x08001808       0x38 ./rt-thread/src/kservice.o
                0x08001808                rt_strerror
 .text.rt_set_errno
                0x08001840       0x40 ./rt-thread/src/kservice.o
                0x08001840                rt_set_errno
 .text.rt_memset
                0x08001880       0xb8 ./rt-thread/src/kservice.o
                0x08001880                rt_memset
 .text.rt_memcpy
                0x08001938       0xd4 ./rt-thread/src/kservice.o
                0x08001938                rt_memcpy
 .text.rt_memmove
                0x08001a0c       0x84 ./rt-thread/src/kservice.o
                0x08001a0c                rt_memmove
 .text.rt_strdup
                0x08001a90       0x3c ./rt-thread/src/kservice.o
                0x08001a90                rt_strdup
 .text.rt_show_version
                0x08001acc       0x4c ./rt-thread/src/kservice.o
                0x08001acc                rt_show_version
 .text.divide   0x08001b18       0x68 ./rt-thread/src/kservice.o
 .text.skip_atoi
                0x08001b80       0x48 ./rt-thread/src/kservice.o
 .text.print_number
                0x08001bc8      0x200 ./rt-thread/src/kservice.o
 .text.rt_vsnprintf
                0x08001dc8      0x560 ./rt-thread/src/kservice.o
                0x08001dc8                rt_vsnprintf
 .text.rt_snprintf
                0x08002328       0x30 ./rt-thread/src/kservice.o
                0x08002328                rt_snprintf
 .text.rt_vsprintf
                0x08002358       0x24 ./rt-thread/src/kservice.o
                0x08002358                rt_vsprintf
 .text.rt_sprintf
                0x0800237c       0x2c ./rt-thread/src/kservice.o
                0x0800237c                rt_sprintf
 .text.rt_console_get_device
                0x080023a8       0x18 ./rt-thread/src/kservice.o
                0x080023a8                rt_console_get_device
 .text.rt_console_set_device
                0x080023c0       0x58 ./rt-thread/src/kservice.o
                0x080023c0                rt_console_set_device
 .text.rt_hw_console_output
                0x08002418       0x14 ./rt-thread/src/kservice.o
                0x08002418                rt_hw_console_output
 .text.rt_kprintf
                0x0800242c       0x60 ./rt-thread/src/kservice.o
                0x0800242c                rt_kprintf
 .text._heap_lock_init
                0x0800248c       0x1c ./rt-thread/src/kservice.o
 .text._heap_lock
                0x080024a8       0x28 ./rt-thread/src/kservice.o
 .text._heap_unlock
                0x080024d0       0x40 ./rt-thread/src/kservice.o
 .text._smem_info
                0x08002510       0x4c ./rt-thread/src/kservice.o
 .text.rt_system_heap_init
                0x0800255c       0x64 ./rt-thread/src/kservice.o
                0x0800255c                rt_system_heap_init
 .text.rt_malloc
                0x080025c0       0x48 ./rt-thread/src/kservice.o
                0x080025c0                rt_malloc
 .text.rt_realloc
                0x08002608       0x34 ./rt-thread/src/kservice.o
                0x08002608                rt_realloc
 .text.rt_calloc
                0x0800263c       0x3c ./rt-thread/src/kservice.o
                0x0800263c                rt_calloc
 .text.rt_free  0x08002678       0x40 ./rt-thread/src/kservice.o
                0x08002678                rt_free
 .text.rt_memory_info
                0x080026b8       0x2c ./rt-thread/src/kservice.o
                0x080026b8                rt_memory_info
 .text.rt_assert_handler
                0x080026e4       0x4c ./rt-thread/src/kservice.o
                0x080026e4                rt_assert_handler
 .text.plug_holes
                0x08002730       0xf4 ./rt-thread/src/mem.o
 .text.rt_smem_init
                0x08002824      0x104 ./rt-thread/src/mem.o
                0x08002824                rt_smem_init
 .text.rt_smem_alloc
                0x08002928      0x26c ./rt-thread/src/mem.o
                0x08002928                rt_smem_alloc
 .text.rt_smem_realloc
                0x08002b94      0x1d4 ./rt-thread/src/mem.o
                0x08002b94                rt_smem_realloc
 .text.rt_smem_free
                0x08002d68      0x140 ./rt-thread/src/mem.o
                0x08002d68                rt_smem_free
 .text.rt_list_insert_after
                0x08002ea8       0x34 ./rt-thread/src/object.o
 .text.rt_list_remove
                0x08002edc       0x38 ./rt-thread/src/object.o
 .text.rt_object_get_information
                0x08002f14       0x48 ./rt-thread/src/object.o
                0x08002f14                rt_object_get_information
 .text.rt_object_init
                0x08002f5c       0xcc ./rt-thread/src/object.o
                0x08002f5c                rt_object_init
 .text.rt_object_detach
                0x08003028       0x5c ./rt-thread/src/object.o
                0x08003028                rt_object_detach
 .text.rt_object_allocate
                0x08003084       0xd8 ./rt-thread/src/object.o
                0x08003084                rt_object_allocate
 .text.rt_object_delete
                0x0800315c       0x7c ./rt-thread/src/object.o
                0x0800315c                rt_object_delete
 .text.rt_object_is_systemobject
                0x080031d8       0x3c ./rt-thread/src/object.o
                0x080031d8                rt_object_is_systemobject
 .text.rt_object_get_type
                0x08003214       0x34 ./rt-thread/src/object.o
                0x08003214                rt_object_get_type
 .text.rt_object_find
                0x08003248       0xb4 ./rt-thread/src/object.o
                0x08003248                rt_object_find
 .text.rt_list_init
                0x080032fc       0x24 ./rt-thread/src/scheduler.o
 .text.rt_list_insert_before
                0x08003320       0x34 ./rt-thread/src/scheduler.o
 .text.rt_list_remove
                0x08003354       0x38 ./rt-thread/src/scheduler.o
 .text.rt_list_isempty
                0x0800338c       0x24 ./rt-thread/src/scheduler.o
 .text._scheduler_stack_check
                0x080033b0       0x94 ./rt-thread/src/scheduler.o
 .text._scheduler_get_highest_priority_thread
                0x08003444       0x3c ./rt-thread/src/scheduler.o
 .text.rt_system_scheduler_init
                0x08003480       0x48 ./rt-thread/src/scheduler.o
                0x08003480                rt_system_scheduler_init
 .text.rt_system_scheduler_start
                0x080034c8       0x3c ./rt-thread/src/scheduler.o
                0x080034c8                rt_system_scheduler_start
 .text.rt_schedule
                0x08003504      0x19c ./rt-thread/src/scheduler.o
                0x08003504                rt_schedule
 .text.rt_schedule_insert_thread
                0x080036a0       0xac ./rt-thread/src/scheduler.o
                0x080036a0                rt_schedule_insert_thread
 .text.rt_schedule_remove_thread
                0x0800374c       0x70 ./rt-thread/src/scheduler.o
                0x0800374c                rt_schedule_remove_thread
 .text.rt_enter_critical
                0x080037bc       0x30 ./rt-thread/src/scheduler.o
                0x080037bc                rt_enter_critical
 .text.rt_exit_critical
                0x080037ec       0x58 ./rt-thread/src/scheduler.o
                0x080037ec                rt_exit_critical
 .text.rt_critical_level
                0x08003844       0x1c ./rt-thread/src/scheduler.o
                0x08003844                rt_critical_level
 .text.rt_list_init
                0x08003860       0x24 ./rt-thread/src/thread.o
 .text.rt_list_remove
                0x08003884       0x38 ./rt-thread/src/thread.o
 .text._thread_exit
                0x080038bc       0x44 ./rt-thread/src/thread.o
 .text._thread_timeout
                0x08003900       0x8c ./rt-thread/src/thread.o
 .text._thread_init
                0x0800398c       0xfc ./rt-thread/src/thread.o
 .text.rt_thread_init
                0x08003a88       0x70 ./rt-thread/src/thread.o
                0x08003a88                rt_thread_init
 .text.rt_thread_self
                0x08003af8       0x18 ./rt-thread/src/thread.o
                0x08003af8                rt_thread_self
 .text.rt_thread_startup
                0x08003b10       0x94 ./rt-thread/src/thread.o
                0x08003b10                rt_thread_startup
 .text.rt_thread_detach
                0x08003ba4       0xb0 ./rt-thread/src/thread.o
                0x08003ba4                rt_thread_detach
 .text.rt_thread_create
                0x08003c54       0x64 ./rt-thread/src/thread.o
                0x08003c54                rt_thread_create
 .text.rt_thread_delete
                0x08003cb8       0xb0 ./rt-thread/src/thread.o
                0x08003cb8                rt_thread_delete
 .text.rt_thread_sleep
                0x08003d68       0x94 ./rt-thread/src/thread.o
                0x08003d68                rt_thread_sleep
 .text.rt_thread_delay
                0x08003dfc       0x18 ./rt-thread/src/thread.o
                0x08003dfc                rt_thread_delay
 .text.rt_thread_mdelay
                0x08003e14       0x20 ./rt-thread/src/thread.o
                0x08003e14                rt_thread_mdelay
 .text.rt_thread_control
                0x08003e34       0xf0 ./rt-thread/src/thread.o
                0x08003e34                rt_thread_control
 .text.rt_thread_suspend
                0x08003f24       0xd0 ./rt-thread/src/thread.o
                0x08003f24                rt_thread_suspend
 .text.rt_thread_resume
                0x08003ff4       0x98 ./rt-thread/src/thread.o
                0x08003ff4                rt_thread_resume
 .text.rt_list_init
                0x0800408c       0x24 ./rt-thread/src/timer.o
 .text.rt_list_insert_after
                0x080040b0       0x34 ./rt-thread/src/timer.o
 .text.rt_list_remove
                0x080040e4       0x38 ./rt-thread/src/timer.o
 .text.rt_list_isempty
                0x0800411c       0x24 ./rt-thread/src/timer.o
 .text._timer_init
                0x08004140       0x68 ./rt-thread/src/timer.o
 .text._timer_list_next_timeout
                0x080041a8       0x48 ./rt-thread/src/timer.o
 .text._timer_remove
                0x080041f0       0x34 ./rt-thread/src/timer.o
 .text.rt_timer_init
                0x08004224       0x80 ./rt-thread/src/timer.o
                0x08004224                rt_timer_init
 .text.rt_timer_detach
                0x080042a4       0x90 ./rt-thread/src/timer.o
                0x080042a4                rt_timer_detach
 .text.rt_timer_start
                0x08004334      0x230 ./rt-thread/src/timer.o
                0x08004334                rt_timer_start
 .text.rt_timer_stop
                0x08004564       0x94 ./rt-thread/src/timer.o
                0x08004564                rt_timer_stop
 .text.rt_timer_control
                0x080045f8       0xfc ./rt-thread/src/timer.o
                0x080045f8                rt_timer_control
 .text.rt_timer_check
                0x080046f4      0x108 ./rt-thread/src/timer.o
                0x080046f4                rt_timer_check
 .text.rt_soft_timer_check
                0x080047fc      0x120 ./rt-thread/src/timer.o
                0x080047fc                rt_soft_timer_check
 .text._timer_thread_entry
                0x0800491c       0x5c ./rt-thread/src/timer.o
 .text.rt_system_timer_init
                0x08004978       0x34 ./rt-thread/src/timer.o
                0x08004978                rt_system_timer_init
 .text.rt_system_timer_thread_init
                0x080049ac       0x68 ./rt-thread/src/timer.o
                0x080049ac                rt_system_timer_thread_init
 .text.rt_hw_stack_init
                0x08004a14       0x90 ./rt-thread/libcpu/arm/cortex-m4/cpuport.o
                0x08004a14                rt_hw_stack_init
 .text.usage_fault_track
                0x08004aa4       0xc4 ./rt-thread/libcpu/arm/cortex-m4/cpuport.o
 .text.bus_fault_track
                0x08004b68       0xcc ./rt-thread/libcpu/arm/cortex-m4/cpuport.o
 .text.mem_manage_fault_track
                0x08004c34       0xb4 ./rt-thread/libcpu/arm/cortex-m4/cpuport.o
 .text.hard_fault_track
                0x08004ce8       0x78 ./rt-thread/libcpu/arm/cortex-m4/cpuport.o
 .text.rt_hw_hard_fault_exception
                0x08004d60      0x184 ./rt-thread/libcpu/arm/cortex-m4/cpuport.o
                0x08004d60                rt_hw_hard_fault_exception
 .text.rt_hw_cpu_reset
                0x08004ee4       0x1c ./rt-thread/libcpu/arm/cortex-m4/cpuport.o
                0x08004ee4                rt_hw_cpu_reset
 .text.__rt_ffs
                0x08004f00       0x2c ./rt-thread/libcpu/arm/cortex-m4/cpuport.o
                0x08004f00                __rt_ffs
 .text.rt_list_isempty
                0x08004f2c       0x24 ./rt-thread/components/finsh/cmd.o
 .text.rt_list_len
                0x08004f50       0x38 ./rt-thread/components/finsh/cmd.o
 .text.clear    0x08004f88       0x14 ./rt-thread/components/finsh/cmd.o
 .text.version  0x08004f9c       0x10 ./rt-thread/components/finsh/cmd.o
                0x08004f9c                version
 .text.object_split
                0x08004fac       0x28 ./rt-thread/components/finsh/cmd.o
 .text.list_find_init
                0x08004fd4       0x48 ./rt-thread/components/finsh/cmd.o
 .text.list_get_next
                0x0800501c       0xc0 ./rt-thread/components/finsh/cmd.o
 .text.list_thread
                0x080050dc      0x210 ./rt-thread/components/finsh/cmd.o
                0x080050dc                list_thread
 .text.show_wait_queue
                0x080052ec       0x50 ./rt-thread/components/finsh/cmd.o
 .text.list_sem
                0x0800533c      0x124 ./rt-thread/components/finsh/cmd.o
                0x0800533c                list_sem
 .text.list_event
                0x08005460      0x114 ./rt-thread/components/finsh/cmd.o
                0x08005460                list_event
 .text.list_mutex
                0x08005574       0xe4 ./rt-thread/components/finsh/cmd.o
                0x08005574                list_mutex
 .text.list_mailbox
                0x08005658      0x134 ./rt-thread/components/finsh/cmd.o
                0x08005658                list_mailbox
 .text.list_msgqueue
                0x0800578c      0x124 ./rt-thread/components/finsh/cmd.o
                0x0800578c                list_msgqueue
 .text.list_mempool
                0x080058b0      0x140 ./rt-thread/components/finsh/cmd.o
                0x080058b0                list_mempool
 .text.list_timer
                0x080059f0      0x124 ./rt-thread/components/finsh/cmd.o
                0x080059f0                list_timer
 .text.list_device
                0x08005b14       0xfc ./rt-thread/components/finsh/cmd.o
                0x08005b14                list_device
 .text.cmd_list
                0x08005c10      0x1c4 ./rt-thread/components/finsh/cmd.o
                0x08005c10                cmd_list
 .text.msh_help
                0x08005dd4       0x5c ./rt-thread/components/finsh/msh.o
                0x08005dd4                msh_help
 .text.cmd_ps   0x08005e30       0x18 ./rt-thread/components/finsh/msh.o
                0x08005e30                cmd_ps
 .text.cmd_free
                0x08005e48       0x5c ./rt-thread/components/finsh/msh.o
                0x08005e48                cmd_free
 .text.msh_split
                0x08005ea4      0x170 ./rt-thread/components/finsh/msh.o
 .text.msh_get_cmd
                0x08006014       0x64 ./rt-thread/components/finsh/msh.o
 .text._msh_exec_cmd
                0x08006078       0xd4 ./rt-thread/components/finsh/msh.o
 .text.msh_exec
                0x0800614c       0xa0 ./rt-thread/components/finsh/msh.o
                0x0800614c                msh_exec
 .text.str_common
                0x080061ec       0x4c ./rt-thread/components/finsh/msh.o
 .text.msh_auto_complete_path
                0x08006238      0x228 ./rt-thread/components/finsh/msh.o
                0x08006238                msh_auto_complete_path
 .text.msh_auto_complete
                0x08006460       0xe4 ./rt-thread/components/finsh/msh.o
                0x08006460                msh_auto_complete
 .text.msh_readline
                0x08006544       0xa4 ./rt-thread/components/finsh/msh_file.o
 .text.msh_exec_script
                0x080065e8      0x17c ./rt-thread/components/finsh/msh_file.o
                0x080065e8                msh_exec_script
 .text.cmd_ls   0x08006764       0x34 ./rt-thread/components/finsh/msh_file.o
 .text.cmd_cp   0x08006798       0x44 ./rt-thread/components/finsh/msh_file.o
 .text.cmd_mv   0x080067dc      0x138 ./rt-thread/components/finsh/msh_file.o
 .text.cmd_cat  0x08006914       0x58 ./rt-thread/components/finsh/msh_file.o
 .text.directory_delete_for_msh
                0x0800696c      0x13c ./rt-thread/components/finsh/msh_file.o
 .text.cmd_rm   0x08006aa8      0x1c4 ./rt-thread/components/finsh/msh_file.o
 .text.cmd_cd   0x08006c6c       0x58 ./rt-thread/components/finsh/msh_file.o
 .text.cmd_pwd  0x08006cc4       0x24 ./rt-thread/components/finsh/msh_file.o
 .text.cmd_mkdir
                0x08006ce8       0x40 ./rt-thread/components/finsh/msh_file.o
 .text.cmd_mkfs
                0x08006d28       0x90 ./rt-thread/components/finsh/msh_file.o
 .text.cmd_mount
                0x08006db8       0xe0 ./rt-thread/components/finsh/msh_file.o
 .text.cmd_umount
                0x08006e98       0x64 ./rt-thread/components/finsh/msh_file.o
 .text.cmd_df   0x08006efc       0x70 ./rt-thread/components/finsh/msh_file.o
 .text.cmd_echo
                0x08006f6c       0x94 ./rt-thread/components/finsh/msh_file.o
 .text.cmd_tail
                0x08007000      0x1bc ./rt-thread/components/finsh/msh_file.o
 .text.msh_isint
                0x080071bc       0x68 ./rt-thread/components/finsh/msh_parse.o
                0x080071bc                msh_isint
 .text.finsh_get_prompt
                0x08007224       0x98 ./rt-thread/components/finsh/shell.o
                0x08007224                finsh_get_prompt
 .text.finsh_set_prompt_mode
                0x080072bc       0x48 ./rt-thread/components/finsh/shell.o
                0x080072bc                finsh_set_prompt_mode
 .text.finsh_getchar
                0x08007304       0x90 ./rt-thread/components/finsh/shell.o
                0x08007304                finsh_getchar
 .text.finsh_rx_ind
                0x08007394       0x3c ./rt-thread/components/finsh/shell.o
 .text.finsh_set_device
                0x080073d0       0xd8 ./rt-thread/components/finsh/shell.o
                0x080073d0                finsh_set_device
 .text.shell_auto_complete
                0x080074a8       0x34 ./rt-thread/components/finsh/shell.o
 .text.shell_handle_history
                0x080074dc       0x34 ./rt-thread/components/finsh/shell.o
 .text.shell_push_history
                0x08007510      0x160 ./rt-thread/components/finsh/shell.o
 .text.finsh_thread_entry
                0x08007670      0x5d0 ./rt-thread/components/finsh/shell.o
                0x08007670                finsh_thread_entry
 .text.finsh_system_function_init
                0x08007c40       0x2c ./rt-thread/components/finsh/shell.o
                0x08007c40                finsh_system_function_init
 .text.finsh_system_init
                0x08007c6c       0x9c ./rt-thread/components/finsh/shell.o
                0x08007c6c                finsh_system_init
 .text._serial_poll_rx
                0x08007d08       0x80 ./rt-thread/components/drivers/serial/serial.o
 .text._serial_poll_tx
                0x08007d88       0x7c ./rt-thread/components/drivers/serial/serial.o
 .text._serial_int_rx
                0x08007e04       0xd8 ./rt-thread/components/drivers/serial/serial.o
 .text._serial_int_tx
                0x08007edc       0xc4 ./rt-thread/components/drivers/serial/serial.o
 .text._serial_check_buffer_size
                0x08007fa0       0x38 ./rt-thread/components/drivers/serial/serial.o
 .text._serial_fifo_calc_recved_len
                0x08007fd8       0x88 ./rt-thread/components/drivers/serial/serial.o
 .text.rt_dma_calc_recved_len
                0x08008060       0x18 ./rt-thread/components/drivers/serial/serial.o
 .text.rt_dma_recv_update_get_index
                0x08008078       0xa4 ./rt-thread/components/drivers/serial/serial.o
 .text.rt_dma_recv_update_put_index
                0x0800811c       0xf8 ./rt-thread/components/drivers/serial/serial.o
 .text._serial_dma_rx
                0x08008214      0x198 ./rt-thread/components/drivers/serial/serial.o
 .text._serial_dma_tx
                0x080083ac       0x70 ./rt-thread/components/drivers/serial/serial.o
 .text.rt_serial_init
                0x0800841c       0x5c ./rt-thread/components/drivers/serial/serial.o
 .text.rt_serial_open
                0x08008478      0x36c ./rt-thread/components/drivers/serial/serial.o
 .text.rt_serial_close
                0x080087e4      0x1e0 ./rt-thread/components/drivers/serial/serial.o
 .text.rt_serial_read
                0x080089c4       0x84 ./rt-thread/components/drivers/serial/serial.o
 .text.rt_serial_write
                0x08008a48       0x84 ./rt-thread/components/drivers/serial/serial.o
 .text.rt_serial_control
                0x08008acc       0xd0 ./rt-thread/components/drivers/serial/serial.o
 .text.rt_hw_serial_register
                0x08008b9c       0x9c ./rt-thread/components/drivers/serial/serial.o
                0x08008b9c                rt_hw_serial_register
 .text.rt_hw_serial_isr
                0x08008c38      0x264 ./rt-thread/components/drivers/serial/serial.o
                0x08008c38                rt_hw_serial_isr
 .text._pin_read
                0x08008e9c       0x60 ./rt-thread/components/drivers/misc/pin.o
 .text._pin_write
                0x08008efc       0x5c ./rt-thread/components/drivers/misc/pin.o
 .text._pin_control
                0x08008f58       0x58 ./rt-thread/components/drivers/misc/pin.o
 .text.rt_device_pin_register
                0x08008fb0       0x74 ./rt-thread/components/drivers/misc/pin.o
                0x08008fb0                rt_device_pin_register
 .text.rt_pin_mode
                0x08009024       0x40 ./rt-thread/components/drivers/misc/pin.o
                0x08009024                rt_pin_mode
 .text.rt_pin_write
                0x08009064       0x40 ./rt-thread/components/drivers/misc/pin.o
                0x08009064                rt_pin_write
 .text.rt_pin_read
                0x080090a4       0x3c ./rt-thread/components/drivers/misc/pin.o
                0x080090a4                rt_pin_read
 .text.rt_pin_get
                0x080090e0       0x60 ./rt-thread/components/drivers/misc/pin.o
                0x080090e0                rt_pin_get
 .text._pin_cmd_conv
                0x08009140       0xb4 ./rt-thread/components/drivers/misc/pin.o
 .text._pin_cmd_print_usage
                0x080091f4       0x58 ./rt-thread/components/drivers/misc/pin.o
 .text._pin_cmd_get
                0x0800924c       0x5c ./rt-thread/components/drivers/misc/pin.o
 .text._pin_cmd_mode
                0x080092a8      0x10c ./rt-thread/components/drivers/misc/pin.o
 .text._pin_cmd_read
                0x080093b4       0x90 ./rt-thread/components/drivers/misc/pin.o
 .text._pin_cmd_write
                0x08009444       0xe4 ./rt-thread/components/drivers/misc/pin.o
 .text._pin_cmd
                0x08009528       0xac ./rt-thread/components/drivers/misc/pin.o
 .text.rt_list_init
                0x080095d4       0x24 ./rt-thread/components/drivers/ipc/completion.o
 .text.rt_list_insert_before
                0x080095f8       0x34 ./rt-thread/components/drivers/ipc/completion.o
 .text.rt_list_isempty
                0x0800962c       0x24 ./rt-thread/components/drivers/ipc/completion.o
 .text.rt_completion_init
                0x08009650       0x44 ./rt-thread/components/drivers/ipc/completion.o
                0x08009650                rt_completion_init
 .text.rt_completion_wait
                0x08009694      0x15c ./rt-thread/components/drivers/ipc/completion.o
                0x08009694                rt_completion_wait
 .text.rt_completion_done
                0x080097f0       0x70 ./rt-thread/components/drivers/ipc/completion.o
                0x080097f0                rt_completion_done
 .text.rt_list_init
                0x08009860       0x24 ./rt-thread/components/drivers/ipc/dataqueue.o
 .text.rt_list_insert_before
                0x08009884       0x34 ./rt-thread/components/drivers/ipc/dataqueue.o
 .text.rt_list_isempty
                0x080098b8       0x24 ./rt-thread/components/drivers/ipc/dataqueue.o
 .text.rt_data_queue_init
                0x080098dc       0xc0 ./rt-thread/components/drivers/ipc/dataqueue.o
                0x080098dc                rt_data_queue_init
 .text.rt_data_queue_push
                0x0800999c      0x240 ./rt-thread/components/drivers/ipc/dataqueue.o
                0x0800999c                rt_data_queue_push
 .text.rt_data_queue_pop
                0x08009bdc      0x298 ./rt-thread/components/drivers/ipc/dataqueue.o
                0x08009bdc                rt_data_queue_pop
 .text.rt_data_queue_peek
                0x08009e74       0xa0 ./rt-thread/components/drivers/ipc/dataqueue.o
                0x08009e74                rt_data_queue_peek
 .text.rt_data_queue_reset
                0x08009f14       0xf0 ./rt-thread/components/drivers/ipc/dataqueue.o
                0x08009f14                rt_data_queue_reset
 .text.rt_data_queue_deinit
                0x0800a004       0x6c ./rt-thread/components/drivers/ipc/dataqueue.o
                0x0800a004                rt_data_queue_deinit
 .text.rt_data_queue_len
                0x0800a070       0xc4 ./rt-thread/components/drivers/ipc/dataqueue.o
                0x0800a070                rt_data_queue_len
 .text.dfs_init
                0x0800a134       0x7c ./rt-thread/components/dfs/src/dfs.o
                0x0800a134                dfs_init
 .text.dfs_lock
                0x0800a1b0       0x48 ./rt-thread/components/dfs/src/dfs.o
                0x0800a1b0                dfs_lock
 .text.dfs_unlock
                0x0800a1f8       0x14 ./rt-thread/components/dfs/src/dfs.o
                0x0800a1f8                dfs_unlock
 .text.fd_alloc
                0x0800a20c      0x10c ./rt-thread/components/dfs/src/dfs.o
 .text.fd_new   0x0800a318       0x78 ./rt-thread/components/dfs/src/dfs.o
                0x0800a318                fd_new
 .text.fd_get   0x0800a390       0x70 ./rt-thread/components/dfs/src/dfs.o
                0x0800a390                fd_get
 .text.fd_put   0x0800a400       0x88 ./rt-thread/components/dfs/src/dfs.o
                0x0800a400                fd_put
 .text.fd_is_open
                0x0800a488       0xe8 ./rt-thread/components/dfs/src/dfs.o
                0x0800a488                fd_is_open
 .text.dfs_subdir
                0x0800a570       0x50 ./rt-thread/components/dfs/src/dfs.o
                0x0800a570                dfs_subdir
 .text.dfs_normalize_path
                0x0800a5c0      0x208 ./rt-thread/components/dfs/src/dfs.o
                0x0800a5c0                dfs_normalize_path
 .text.dfs_fdtable_get
                0x0800a7c8       0x1c ./rt-thread/components/dfs/src/dfs.o
                0x0800a7c8                dfs_fdtable_get
 .text.list_fd  0x0800a7e4      0x180 ./rt-thread/components/dfs/src/dfs.o
                0x0800a7e4                list_fd
 .text.dfs_file_open
                0x0800a964      0x148 ./rt-thread/components/dfs/src/dfs_file.o
                0x0800a964                dfs_file_open
 .text.dfs_file_close
                0x0800aaac       0x54 ./rt-thread/components/dfs/src/dfs_file.o
                0x0800aaac                dfs_file_close
 .text.dfs_file_read
                0x0800ab00       0x58 ./rt-thread/components/dfs/src/dfs_file.o
                0x0800ab00                dfs_file_read
 .text.dfs_file_getdents
                0x0800ab58       0x48 ./rt-thread/components/dfs/src/dfs_file.o
                0x0800ab58                dfs_file_getdents
 .text.dfs_file_unlink
                0x0800aba0       0xcc ./rt-thread/components/dfs/src/dfs_file.o
                0x0800aba0                dfs_file_unlink
 .text.dfs_file_write
                0x0800ac6c       0x40 ./rt-thread/components/dfs/src/dfs_file.o
                0x0800ac6c                dfs_file_write
 .text.dfs_file_lseek
                0x0800acac       0x4c ./rt-thread/components/dfs/src/dfs_file.o
                0x0800acac                dfs_file_lseek
 .text.dfs_file_stat
                0x0800acf8      0x12c ./rt-thread/components/dfs/src/dfs_file.o
                0x0800acf8                dfs_file_stat
 .text.dfs_file_rename
                0x0800ae24       0xdc ./rt-thread/components/dfs/src/dfs_file.o
                0x0800ae24                dfs_file_rename
 .text.ls       0x0800af00      0x120 ./rt-thread/components/dfs/src/dfs_file.o
                0x0800af00                ls
 .text.cat      0x0800b020       0x7c ./rt-thread/components/dfs/src/dfs_file.o
                0x0800b020                cat
 .text.copyfile
                0x0800b09c       0xe0 ./rt-thread/components/dfs/src/dfs_file.o
 .text.copydir  0x0800b17c      0x18c ./rt-thread/components/dfs/src/dfs_file.o
 .text._get_path_lastname
                0x0800b308       0x2c ./rt-thread/components/dfs/src/dfs_file.o
 .text.copy     0x0800b334      0x15c ./rt-thread/components/dfs/src/dfs_file.o
                0x0800b334                copy
 .text.dfs_filesystem_lookup
                0x0800b490       0xc4 ./rt-thread/components/dfs/src/dfs_fs.o
                0x0800b490                dfs_filesystem_lookup
 .text.dfs_mount
                0x0800b554      0x244 ./rt-thread/components/dfs/src/dfs_fs.o
                0x0800b554                dfs_mount
 .text.dfs_unmount
                0x0800b798       0xdc ./rt-thread/components/dfs/src/dfs_fs.o
                0x0800b798                dfs_unmount
 .text.dfs_mkfs
                0x0800b874      0x104 ./rt-thread/components/dfs/src/dfs_fs.o
                0x0800b874                dfs_mkfs
 .text.dfs_statfs
                0x0800b978       0x40 ./rt-thread/components/dfs/src/dfs_fs.o
                0x0800b978                dfs_statfs
 .text.df       0x0800b9b8      0x190 ./rt-thread/components/dfs/src/dfs_fs.o
                0x0800b9b8                df
 .text.open     0x0800bb48       0x6c ./rt-thread/components/dfs/src/dfs_posix.o
                0x0800bb48                open
 .text.close    0x0800bbb4       0x54 ./rt-thread/components/dfs/src/dfs_posix.o
                0x0800bbb4                close
 .text.read     0x0800bc08       0x5c ./rt-thread/components/dfs/src/dfs_posix.o
                0x0800bc08                read
 .text.write    0x0800bc64       0x5c ./rt-thread/components/dfs/src/dfs_posix.o
                0x0800bc64                write
 .text.lseek    0x0800bcc0       0xb4 ./rt-thread/components/dfs/src/dfs_posix.o
                0x0800bcc0                lseek
 .text.rename   0x0800bd74       0x30 ./rt-thread/components/dfs/src/dfs_posix.o
                0x0800bd74                rename
 .text.unlink   0x0800bda4       0x2c ./rt-thread/components/dfs/src/dfs_posix.o
                0x0800bda4                unlink
 .text.stat     0x0800bdd0       0x30 ./rt-thread/components/dfs/src/dfs_posix.o
                0x0800bdd0                stat
 .text.mkdir    0x0800be00       0x78 ./rt-thread/components/dfs/src/dfs_posix.o
                0x0800be00                mkdir
 .text.opendir  0x0800be78       0x98 ./rt-thread/components/dfs/src/dfs_posix.o
                0x0800be78                opendir
 .text.readdir  0x0800bf10       0xbc ./rt-thread/components/dfs/src/dfs_posix.o
                0x0800bf10                readdir
 .text.rewinddir
                0x0800bfcc       0x54 ./rt-thread/components/dfs/src/dfs_posix.o
                0x0800bfcc                rewinddir
 .text.closedir
                0x0800c020       0x60 ./rt-thread/components/dfs/src/dfs_posix.o
                0x0800c020                closedir
 .text.chdir    0x0800c080       0xac ./rt-thread/components/dfs/src/dfs_posix.o
                0x0800c080                chdir
 .text.getcwd   0x0800c12c       0x2c ./rt-thread/components/dfs/src/dfs_posix.o
                0x0800c12c                getcwd
 .text.NVIC_SetPriority
                0x0800c158       0x54 ./libraries/Drivers/drv_common.o
 .text.SysTick_Config
                0x0800c1ac       0x44 ./libraries/Drivers/drv_common.o
 .text.reboot   0x0800c1f0       0x18 ./libraries/Drivers/drv_common.o
 .text.rt_hw_systick_init
                0x0800c208       0x3c ./libraries/Drivers/drv_common.o
                0x0800c208                rt_hw_systick_init
 .text.SysTick_Handler
                0x0800c244       0x14 ./libraries/Drivers/drv_common.o
                0x0800c244                SysTick_Handler
 .text.rt_hw_board_init
                0x0800c258       0x34 ./libraries/Drivers/drv_common.o
                0x0800c258                rt_hw_board_init
 .text._pin_get
                0x0800c28c       0xb4 ./libraries/Drivers/drv_gpio.o
 .text._pin_write
                0x0800c340       0x54 ./libraries/Drivers/drv_gpio.o
 .text._pin_read
                0x0800c394       0x58 ./libraries/Drivers/drv_gpio.o
 .text._pin_mode
                0x0800c3ec       0xb0 ./libraries/Drivers/drv_gpio.o
 .text.bit2bitno
                0x0800c49c       0x40 ./libraries/Drivers/drv_gpio.o
 .text.get_pin_irq_map
                0x0800c4dc       0x34 ./libraries/Drivers/drv_gpio.o
 .text._pin_attach_irq
                0x0800c510      0x150 ./libraries/Drivers/drv_gpio.o
 .text._pin_dettach_irq
                0x0800c660       0xd8 ./libraries/Drivers/drv_gpio.o
 .text._pin_irq_enable
                0x0800c738      0x1ec ./libraries/Drivers/drv_gpio.o
 .text.pin_irq_hdr
                0x0800c924       0x54 ./libraries/Drivers/drv_gpio.o
 .text.GPIO_EXTI_IRQHandler
                0x0800c978       0x24 ./libraries/Drivers/drv_gpio.o
                0x0800c978                GPIO_EXTI_IRQHandler
 .text.EINT0_IRQHandler
                0x0800c99c       0x28 ./libraries/Drivers/drv_gpio.o
                0x0800c99c                EINT0_IRQHandler
 .text.EINT1_IRQHandler
                0x0800c9c4       0x28 ./libraries/Drivers/drv_gpio.o
                0x0800c9c4                EINT1_IRQHandler
 .text.EINT2_IRQHandler
                0x0800c9ec       0x28 ./libraries/Drivers/drv_gpio.o
                0x0800c9ec                EINT2_IRQHandler
 .text.EINT3_IRQHandler
                0x0800ca14       0x28 ./libraries/Drivers/drv_gpio.o
                0x0800ca14                EINT3_IRQHandler
 .text.EINT4_IRQHandler
                0x0800ca3c       0x28 ./libraries/Drivers/drv_gpio.o
                0x0800ca3c                EINT4_IRQHandler
 .text.EINT9_5_IRQHandler
                0x0800ca64       0x94 ./libraries/Drivers/drv_gpio.o
                0x0800ca64                EINT9_5_IRQHandler
 .text.EINT15_10_IRQHandler
                0x0800caf8       0xc4 ./libraries/Drivers/drv_gpio.o
                0x0800caf8                EINT15_10_IRQHandler
 .text.rt_hw_pin_init
                0x0800cbbc       0x64 ./libraries/Drivers/drv_gpio.o
                0x0800cbbc                rt_hw_pin_init
 .text._uart_configure
                0x0800cc20      0x114 ./libraries/Drivers/drv_usart.o
 .text._uart_control
                0x0800cd34       0x90 ./libraries/Drivers/drv_usart.o
 .text._uart_putc
                0x0800cdc4       0x6c ./libraries/Drivers/drv_usart.o
 .text._uart_getc
                0x0800ce30       0x6c ./libraries/Drivers/drv_usart.o
 .text.usart_isr
                0x0800ce9c      0x100 ./libraries/Drivers/drv_usart.o
 .text.USART1_IRQHandler
                0x0800cf9c       0x1c ./libraries/Drivers/drv_usart.o
                0x0800cf9c                USART1_IRQHandler
 .text.rt_hw_usart_init
                0x0800cfb8       0xc8 ./libraries/Drivers/drv_usart.o
                0x0800cfb8                rt_hw_usart_init
 .text.Reset_Handler
                0x0800d080       0x4c ./libraries/APM32F4xx_Library/Device/Geehy/APM32F4xx/Source/gcc/startup_apm32f40x.o
                0x0800d080                Reset_Handler
 .text.Default_Handler
                0x0800d0cc        0x2 ./libraries/APM32F4xx_Library/Device/Geehy/APM32F4xx/Source/gcc/startup_apm32f40x.o
                0x0800d0cc                RTC_Alarm_IRQHandler
                0x0800d0cc                DebugMon_Handler
                0x0800d0cc                TMR1_UP_TMR10_IRQHandler
                0x0800d0cc                EMMC_IRQHandler
                0x0800d0cc                DMA2_STR1_IRQHandler
                0x0800d0cc                DMA2_STR5_IRQHandler
                0x0800d0cc                PVD_IRQHandler
                0x0800d0cc                SDIO_IRQHandler
                0x0800d0cc                TAMP_STAMP_IRQHandler
                0x0800d0cc                NMI_Handler
                0x0800d0cc                CAN2_RX1_IRQHandler
                0x0800d0cc                DCI_IRQHandler
                0x0800d0cc                I2C3_ER_IRQHandler
                0x0800d0cc                I2C2_EV_IRQHandler
                0x0800d0cc                CAN1_RX0_IRQHandler
                0x0800d0cc                FPU_IRQHandler
                0x0800d0cc                UsageFault_Handler
                0x0800d0cc                CAN2_SCE_IRQHandler
                0x0800d0cc                SPI1_IRQHandler
                0x0800d0cc                CAN2_RX0_IRQHandler
                0x0800d0cc                DMA2_STR3_IRQHandler
                0x0800d0cc                USART6_IRQHandler
                0x0800d0cc                OTG_HS1_WKUP_IRQHandler
                0x0800d0cc                USART3_IRQHandler
                0x0800d0cc                TMR1_TRG_COM_TMR11_IRQHandler
                0x0800d0cc                CAN1_RX1_IRQHandler
                0x0800d0cc                UART5_IRQHandler
                0x0800d0cc                I2C1_EV_IRQHandler
                0x0800d0cc                DMA1_STR7_IRQHandler
                0x0800d0cc                UART4_IRQHandler
                0x0800d0cc                BN_IRQHandler
                0x0800d0cc                Default_Handler
                0x0800d0cc                TMR5_IRQHandler
                0x0800d0cc                ADC_IRQHandler
                0x0800d0cc                TMR2_IRQHandler
                0x0800d0cc                TMR1_CC_IRQHandler
                0x0800d0cc                SM4_IRQHandler
                0x0800d0cc                CAN2_TX_IRQHandler
                0x0800d0cc                DMA1_STR6_IRQHandler
                0x0800d0cc                I2C3_EV_IRQHandler
                0x0800d0cc                DMA2_STR4_IRQHandler
                0x0800d0cc                RTC_WKUP_IRQHandler
                0x0800d0cc                DMA2_STR6_IRQHandler
                0x0800d0cc                TMR1_BRK_TMR9_IRQHandler
                0x0800d0cc                ETH_WKUP_IRQHandler
                0x0800d0cc                SPI2_IRQHandler
                0x0800d0cc                TMR8_BRK_TMR12_IRQHandler
                0x0800d0cc                DMA1_STR2_IRQHandler
                0x0800d0cc                MemManage_Handler
                0x0800d0cc                DMA2_STR0_IRQHandler
                0x0800d0cc                TMR6_DAC_IRQHandler
                0x0800d0cc                DMA1_STR3_IRQHandler
                0x0800d0cc                CAN1_TX_IRQHandler
                0x0800d0cc                SVC_Handler
                0x0800d0cc                DMA1_STR4_IRQHandler
                0x0800d0cc                RCM_IRQHandler
                0x0800d0cc                DMA1_STR1_IRQHandler
                0x0800d0cc                TMR7_IRQHandler
                0x0800d0cc                DMA2_STR2_IRQHandler
                0x0800d0cc                TMR4_IRQHandler
                0x0800d0cc                ETH_IRQHandler
                0x0800d0cc                DMA2_STR7_IRQHandler
                0x0800d0cc                TMR8_CC_IRQHandler
                0x0800d0cc                OTG_HS1_EP1_IN_IRQHandler
                0x0800d0cc                TMR3_IRQHandler
                0x0800d0cc                DMA1_STR0_IRQHandler
                0x0800d0cc                OTG_HS1_IRQHandler
                0x0800d0cc                OTG_FS_WKUP_IRQHandler
                0x0800d0cc                USART2_IRQHandler
                0x0800d0cc                SM3_IRQHandler
                0x0800d0cc                I2C2_ER_IRQHandler
                0x0800d0cc                CAN1_SCE_IRQHandler
                0x0800d0cc                FLASH_IRQHandler
                0x0800d0cc                BusFault_Handler
                0x0800d0cc                OTG_FS_IRQHandler
                0x0800d0cc                SPI3_IRQHandler
                0x0800d0cc                I2C1_ER_IRQHandler
                0x0800d0cc                TMR8_TRG_COM_TMR14_IRQHandler
                0x0800d0cc                DMA1_STR5_IRQHandler
                0x0800d0cc                OTG_HS1_EP1_OUT_IRQHandler
                0x0800d0cc                WWDT_IRQHandler
                0x0800d0cc                TMR8_UP_TMR13_IRQHandler
 *fill*         0x0800d0ce        0x2 00000000
 .text.SystemInit
                0x0800d0d0       0x68 ./libraries/APM32F4xx_Library/Device/Geehy/APM32F4xx/Source/system_apm32f4xx.o
                0x0800d0d0                SystemInit
 .text.SystemClockConfig
                0x0800d138       0xf0 ./libraries/APM32F4xx_Library/Device/Geehy/APM32F4xx/Source/system_apm32f4xx.o
 .text.EINT_ReadIntFlag
                0x0800d228       0x48 ./libraries/APM32F4xx_Library/APM32F4xx_StdPeriphDriver/src/apm32f4xx_eint.o
                0x0800d228                EINT_ReadIntFlag
 .text.EINT_ClearIntFlag
                0x0800d270       0x20 ./libraries/APM32F4xx_Library/APM32F4xx_StdPeriphDriver/src/apm32f4xx_eint.o
                0x0800d270                EINT_ClearIntFlag
 .text.GPIO_Config
                0x0800d290      0x120 ./libraries/APM32F4xx_Library/APM32F4xx_StdPeriphDriver/src/apm32f4xx_gpio.o
                0x0800d290                GPIO_Config
 .text.GPIO_ReadInputBit
                0x0800d3b0       0x34 ./libraries/APM32F4xx_Library/APM32F4xx_StdPeriphDriver/src/apm32f4xx_gpio.o
                0x0800d3b0                GPIO_ReadInputBit
 .text.GPIO_WriteBitValue
                0x0800d3e4       0x30 ./libraries/APM32F4xx_Library/APM32F4xx_StdPeriphDriver/src/apm32f4xx_gpio.o
                0x0800d3e4                GPIO_WriteBitValue
 .text.GPIO_ConfigPinAF
                0x0800d414       0xa4 ./libraries/APM32F4xx_Library/APM32F4xx_StdPeriphDriver/src/apm32f4xx_gpio.o
                0x0800d414                GPIO_ConfigPinAF
 .text.NVIC_ConfigPriorityGroup
                0x0800d4b8       0x28 ./libraries/APM32F4xx_Library/APM32F4xx_StdPeriphDriver/src/apm32f4xx_misc.o
                0x0800d4b8                NVIC_ConfigPriorityGroup
 .text.NVIC_EnableIRQRequest
                0x0800d4e0       0xfc ./libraries/APM32F4xx_Library/APM32F4xx_StdPeriphDriver/src/apm32f4xx_misc.o
                0x0800d4e0                NVIC_EnableIRQRequest
 .text.NVIC_DisableIRQRequest
                0x0800d5dc       0x38 ./libraries/APM32F4xx_Library/APM32F4xx_StdPeriphDriver/src/apm32f4xx_misc.o
                0x0800d5dc                NVIC_DisableIRQRequest
 .text.RCM_ReadSYSCLKFreq
                0x0800d614       0xb8 ./libraries/APM32F4xx_Library/APM32F4xx_StdPeriphDriver/src/apm32f4xx_rcm.o
                0x0800d614                RCM_ReadSYSCLKFreq
 .text.RCM_ReadHCLKFreq
                0x0800d6cc       0x4c ./libraries/APM32F4xx_Library/APM32F4xx_StdPeriphDriver/src/apm32f4xx_rcm.o
                0x0800d6cc                RCM_ReadHCLKFreq
 .text.RCM_ReadPCLKFreq
                0x0800d718       0x78 ./libraries/APM32F4xx_Library/APM32F4xx_StdPeriphDriver/src/apm32f4xx_rcm.o
                0x0800d718                RCM_ReadPCLKFreq
 .text.RCM_EnableAHB1PeriphClock
                0x0800d790       0x24 ./libraries/APM32F4xx_Library/APM32F4xx_StdPeriphDriver/src/apm32f4xx_rcm.o
                0x0800d790                RCM_EnableAHB1PeriphClock
 .text.RCM_EnableAPB2PeriphClock
                0x0800d7b4       0x24 ./libraries/APM32F4xx_Library/APM32F4xx_StdPeriphDriver/src/apm32f4xx_rcm.o
                0x0800d7b4                RCM_EnableAPB2PeriphClock
 .text.USART_Config
                0x0800d7d8      0x198 ./libraries/APM32F4xx_Library/APM32F4xx_StdPeriphDriver/src/apm32f4xx_usart.o
                0x0800d7d8                USART_Config
 .text.USART_Enable
                0x0800d970       0x20 ./libraries/APM32F4xx_Library/APM32F4xx_StdPeriphDriver/src/apm32f4xx_usart.o
                0x0800d970                USART_Enable
 .text.USART_TxData
                0x0800d990       0x2c ./libraries/APM32F4xx_Library/APM32F4xx_StdPeriphDriver/src/apm32f4xx_usart.o
                0x0800d990                USART_TxData
 .text.USART_RxData
                0x0800d9bc       0x20 ./libraries/APM32F4xx_Library/APM32F4xx_StdPeriphDriver/src/apm32f4xx_usart.o
                0x0800d9bc                USART_RxData
 .text.USART_EnableInterrupt
                0x0800d9dc       0x60 ./libraries/APM32F4xx_Library/APM32F4xx_StdPeriphDriver/src/apm32f4xx_usart.o
                0x0800d9dc                USART_EnableInterrupt
 .text.USART_DisableInterrupt
                0x0800da3c       0x60 ./libraries/APM32F4xx_Library/APM32F4xx_StdPeriphDriver/src/apm32f4xx_usart.o
                0x0800da3c                USART_DisableInterrupt
 .text.USART_ReadStatusFlag
                0x0800da9c       0x2c ./libraries/APM32F4xx_Library/APM32F4xx_StdPeriphDriver/src/apm32f4xx_usart.o
                0x0800da9c                USART_ReadStatusFlag
 .text.USART_ClearStatusFlag
                0x0800dac8       0x28 ./libraries/APM32F4xx_Library/APM32F4xx_StdPeriphDriver/src/apm32f4xx_usart.o
                0x0800dac8                USART_ClearStatusFlag
 .text.USART_ReadIntFlag
                0x0800daf0       0x80 ./libraries/APM32F4xx_Library/APM32F4xx_StdPeriphDriver/src/apm32f4xx_usart.o
                0x0800daf0                USART_ReadIntFlag
 .text.USART_ClearIntFlag
                0x0800db70       0x34 ./libraries/APM32F4xx_Library/APM32F4xx_StdPeriphDriver/src/apm32f4xx_usart.o
                0x0800db70                USART_ClearIntFlag
 .text.apm32_usart_init
                0x0800dba4       0x6c ./board/board.o
                0x0800dba4                apm32_usart_init
 .text.main     0x0800dc10       0x48 ./applications/main.o
                0x0800dc10                main
 .text.atoi     0x0800dc58        0x8 c:/rt-threadstudio/repo/extract/toolchain_support_packages/arm/gnu_tools_for_arm_embedded_processors/5.4.1/bin/../lib/gcc/arm-none-eabi/5.4.1/../../../../arm-none-eabi/lib/armv7e-m/fpu\libc.a(lib_a-atoi.o)
                0x0800dc58                atoi
 .text.__get_current_locale
                0x0800dc60       0x18 c:/rt-threadstudio/repo/extract/toolchain_support_packages/arm/gnu_tools_for_arm_embedded_processors/5.4.1/bin/../lib/gcc/arm-none-eabi/5.4.1/../../../../arm-none-eabi/lib/armv7e-m/fpu\libc.a(lib_a-locale.o)
 .text.__locale_ctype_ptr_l
                0x0800dc78        0x8 c:/rt-threadstudio/repo/extract/toolchain_support_packages/arm/gnu_tools_for_arm_embedded_processors/5.4.1/bin/../lib/gcc/arm-none-eabi/5.4.1/../../../../arm-none-eabi/lib/armv7e-m/fpu\libc.a(lib_a-locale.o)
                0x0800dc78                __locale_ctype_ptr_l
 .text.__locale_ctype_ptr
                0x0800dc80       0x14 c:/rt-threadstudio/repo/extract/toolchain_support_packages/arm/gnu_tools_for_arm_embedded_processors/5.4.1/bin/../lib/gcc/arm-none-eabi/5.4.1/../../../../arm-none-eabi/lib/armv7e-m/fpu\libc.a(lib_a-locale.o)
                0x0800dc80                __locale_ctype_ptr
 .text.__ascii_mbtowc
                0x0800dc94       0x2c c:/rt-threadstudio/repo/extract/toolchain_support_packages/arm/gnu_tools_for_arm_embedded_processors/5.4.1/bin/../lib/gcc/arm-none-eabi/5.4.1/../../../../arm-none-eabi/lib/armv7e-m/fpu\libc.a(lib_a-mbtowc_r.o)
                0x0800dc94                __ascii_mbtowc
 .text.memcmp   0x0800dcc0       0x64 c:/rt-threadstudio/repo/extract/toolchain_support_packages/arm/gnu_tools_for_arm_embedded_processors/5.4.1/bin/../lib/gcc/arm-none-eabi/5.4.1/../../../../arm-none-eabi/lib/armv7e-m/fpu\libc.a(lib_a-memcmp.o)
                0x0800dcc0                memcmp
 .text.strchr   0x0800dd24       0xd0 c:/rt-threadstudio/repo/extract/toolchain_support_packages/arm/gnu_tools_for_arm_embedded_processors/5.4.1/bin/../lib/gcc/arm-none-eabi/5.4.1/../../../../arm-none-eabi/lib/armv7e-m/fpu\libc.a(lib_a-strchr.o)
                0x0800dd24                strchr
 .text.strcpy   0x0800ddf4       0xbc c:/rt-threadstudio/repo/extract/toolchain_support_packages/arm/gnu_tools_for_arm_embedded_processors/5.4.1/bin/../lib/gcc/arm-none-eabi/5.4.1/../../../../arm-none-eabi/lib/armv7e-m/fpu\libc.a(lib_a-strcpy.o)
                0x0800ddf4                strcpy
 .text.strncat  0x0800deb0       0x5c c:/rt-threadstudio/repo/extract/toolchain_support_packages/arm/gnu_tools_for_arm_embedded_processors/5.4.1/bin/../lib/gcc/arm-none-eabi/5.4.1/../../../../arm-none-eabi/lib/armv7e-m/fpu\libc.a(lib_a-strncat.o)
                0x0800deb0                strncat
 .text.strncmp  0x0800df0c       0xa0 c:/rt-threadstudio/repo/extract/toolchain_support_packages/arm/gnu_tools_for_arm_embedded_processors/5.4.1/bin/../lib/gcc/arm-none-eabi/5.4.1/../../../../arm-none-eabi/lib/armv7e-m/fpu\libc.a(lib_a-strncmp.o)
                0x0800df0c                strncmp
 .text.strncpy  0x0800dfac       0x68 c:/rt-threadstudio/repo/extract/toolchain_support_packages/arm/gnu_tools_for_arm_embedded_processors/5.4.1/bin/../lib/gcc/arm-none-eabi/5.4.1/../../../../arm-none-eabi/lib/armv7e-m/fpu\libc.a(lib_a-strncpy.o)
                0x0800dfac                strncpy
 .text.strrchr  0x0800e014       0x24 c:/rt-threadstudio/repo/extract/toolchain_support_packages/arm/gnu_tools_for_arm_embedded_processors/5.4.1/bin/../lib/gcc/arm-none-eabi/5.4.1/../../../../arm-none-eabi/lib/armv7e-m/fpu\libc.a(lib_a-strrchr.o)
                0x0800e014                strrchr
 .text.critical_factorization
                0x0800e038       0xb8 c:/rt-threadstudio/repo/extract/toolchain_support_packages/arm/gnu_tools_for_arm_embedded_processors/5.4.1/bin/../lib/gcc/arm-none-eabi/5.4.1/../../../../arm-none-eabi/lib/armv7e-m/fpu\libc.a(lib_a-strstr.o)
 .text.two_way_long_needle
                0x0800e0f0      0x200 c:/rt-threadstudio/repo/extract/toolchain_support_packages/arm/gnu_tools_for_arm_embedded_processors/5.4.1/bin/../lib/gcc/arm-none-eabi/5.4.1/../../../../arm-none-eabi/lib/armv7e-m/fpu\libc.a(lib_a-strstr.o)
 .text.strstr   0x0800e2f0      0x220 c:/rt-threadstudio/repo/extract/toolchain_support_packages/arm/gnu_tools_for_arm_embedded_processors/5.4.1/bin/../lib/gcc/arm-none-eabi/5.4.1/../../../../arm-none-eabi/lib/armv7e-m/fpu\libc.a(lib_a-strstr.o)
                0x0800e2f0                strstr
 .text._strtol_l.isra.0
                0x0800e510      0x138 c:/rt-threadstudio/repo/extract/toolchain_support_packages/arm/gnu_tools_for_arm_embedded_processors/5.4.1/bin/../lib/gcc/arm-none-eabi/5.4.1/../../../../arm-none-eabi/lib/armv7e-m/fpu\libc.a(lib_a-strtol.o)
 .text.strtol   0x0800e648       0x2c c:/rt-threadstudio/repo/extract/toolchain_support_packages/arm/gnu_tools_for_arm_embedded_processors/5.4.1/bin/../lib/gcc/arm-none-eabi/5.4.1/../../../../arm-none-eabi/lib/armv7e-m/fpu\libc.a(lib_a-strtol.o)
                0x0800e648                strtol
 .text.__ascii_wctomb
                0x0800e674       0x1c c:/rt-threadstudio/repo/extract/toolchain_support_packages/arm/gnu_tools_for_arm_embedded_processors/5.4.1/bin/../lib/gcc/arm-none-eabi/5.4.1/../../../../arm-none-eabi/lib/armv7e-m/fpu\libc.a(lib_a-wctomb_r.o)
                0x0800e674                __ascii_wctomb
 *(.rodata)
 .rodata        0x0800e690       0x17 ./rt-thread/src/components.o
 *fill*         0x0800e6a7        0x1 00000000
 .rodata        0x0800e6a8       0xf4 ./rt-thread/src/device.o
 .rodata        0x0800e79c        0x8 ./rt-thread/src/idle.o
 .rodata        0x0800e7a4      0x4de ./rt-thread/src/ipc.o
 *fill*         0x0800ec82        0x2 00000000
 .rodata        0x0800ec84      0x1cf ./rt-thread/src/kservice.o
 *fill*         0x0800ee53        0x1 00000000
 .rodata        0x0800ee54      0x41b ./rt-thread/src/mem.o
 *fill*         0x0800f26f        0x1 00000000
 .rodata        0x0800f270       0x91 ./rt-thread/src/object.o
 *fill*         0x0800f301        0x3 00000000
 .rodata        0x0800f304       0x65 ./rt-thread/src/scheduler.o
 *fill*         0x0800f369        0x3 00000000
 .rodata        0x0800f36c      0x19f ./rt-thread/src/thread.o
 *fill*         0x0800f50b        0x1 00000000
 .rodata        0x0800f50c      0x10e ./rt-thread/src/timer.o
 *fill*         0x0800f61a        0x2 00000000
 .rodata        0x0800f61c      0x2ce ./rt-thread/libcpu/arm/cortex-m4/cpuport.o
 *fill*         0x0800f8ea        0x2 00000000
 .rodata        0x0800f8ec      0x804 ./rt-thread/components/finsh/cmd.o
 .rodata        0x080100f0       0xac ./rt-thread/components/finsh/msh.o
 .rodata        0x0801019c      0x496 ./rt-thread/components/finsh/msh_file.o
 *fill*         0x08010632        0x2 00000000
 .rodata        0x08010634       0x91 ./rt-thread/components/finsh/shell.o
 *fill*         0x080106c5        0x3 00000000
 .rodata        0x080106c8      0x19a ./rt-thread/components/drivers/serial/serial.o
 *fill*         0x08010862        0x2 00000000
 .rodata        0x08010864      0x2aa ./rt-thread/components/drivers/misc/pin.o
 *fill*         0x08010b0e        0x2 00000000
 .rodata        0x08010b10       0xd7 ./rt-thread/components/drivers/ipc/completion.o
 *fill*         0x08010be7        0x1 00000000
 .rodata        0x08010be8       0xf4 ./rt-thread/components/drivers/ipc/dataqueue.o
 .rodata        0x08010cdc      0x12c ./rt-thread/components/dfs/src/dfs.o
 .rodata        0x08010e08      0x1cc ./rt-thread/components/dfs/src/dfs_file.o
 .rodata        0x08010fd4      0x1c4 ./rt-thread/components/dfs/src/dfs_fs.o
 .rodata        0x08011198        0x4 ./rt-thread/components/dfs/src/dfs_posix.o
 .rodata        0x0801119c        0x6 ./libraries/Drivers/drv_common.o
 *fill*         0x080111a2        0x2 00000000
 .rodata        0x080111a4        0x4 ./libraries/Drivers/drv_gpio.o
 .rodata        0x080111a8       0x5c ./libraries/Drivers/drv_usart.o
 .rodata        0x08011204       0x18 ./libraries/APM32F4xx_Library/APM32F4xx_StdPeriphDriver/src/apm32f4xx_rcm.o
 .rodata        0x0801121c       0x12 ./applications/main.o
 *(.rodata*)
 *fill*         0x0801122e        0x2 00000000
 .rodata.__FUNCTION__.5506
                0x08011230       0x14 ./rt-thread/src/components.o
 .rodata.__FUNCTION__.5415
                0x08011244        0xf ./rt-thread/src/device.o
 *fill*         0x08011253        0x1 00000000
 .rodata.__FUNCTION__.5420
                0x08011254       0x10 ./rt-thread/src/device.o
 .rodata.__FUNCTION__.5427
                0x08011264        0xf ./rt-thread/src/device.o
 *fill*         0x08011273        0x1 00000000
 .rodata.__FUNCTION__.5434
                0x08011274       0x10 ./rt-thread/src/device.o
 .rodata.__FUNCTION__.5447
                0x08011284       0x1a ./rt-thread/src/device.o
 *fill*         0x0801129e        0x2 00000000
 .rodata.__FUNCTION__.5499
                0x080112a0        0xc ./rt-thread/src/ipc.o
 .rodata.__FUNCTION__.5523
                0x080112ac        0xc ./rt-thread/src/ipc.o
 .rodata.__FUNCTION__.5480
                0x080112b8       0x12 ./rt-thread/src/ipc.o
 *fill*         0x080112ca        0x2 00000000
 .rodata.__FUNCTION__.5535
                0x080112cc        0xf ./rt-thread/src/ipc.o
 *fill*         0x080112db        0x1 00000000
 .rodata.__FUNCTION__.5549
                0x080112dc        0xe ./rt-thread/src/ipc.o
 *fill*         0x080112ea        0x2 00000000
 .rodata.__FUNCTION__.5573
                0x080112ec        0xe ./rt-thread/src/ipc.o
 *fill*         0x080112fa        0x2 00000000
 .rodata.__FUNCTION__.5585
                0x080112fc       0x11 ./rt-thread/src/ipc.o
 *fill*         0x0801130d        0x3 00000000
 .rodata.large_digits.5586
                0x08011310       0x11 ./rt-thread/src/kservice.o
 *fill*         0x08011321        0x3 00000000
 .rodata.small_digits.5585
                0x08011324       0x11 ./rt-thread/src/kservice.o
 *fill*         0x08011335        0x3 00000000
 .rodata.__FUNCTION__.5736
                0x08011338       0x14 ./rt-thread/src/kservice.o
 .rodata.__FUNCTION__.5723
                0x0801134c        0xd ./rt-thread/src/kservice.o
 *fill*         0x08011359        0x3 00000000
 .rodata.__FUNCTION__.5473
                0x0801135c        0xb ./rt-thread/src/mem.o
 *fill*         0x08011367        0x1 00000000
 .rodata.__FUNCTION__.5498
                0x08011368        0xe ./rt-thread/src/mem.o
 *fill*         0x08011376        0x2 00000000
 .rodata.__FUNCTION__.5517
                0x08011378       0x10 ./rt-thread/src/mem.o
 .rodata.__FUNCTION__.5523
                0x08011388        0xd ./rt-thread/src/mem.o
 *fill*         0x08011395        0x3 00000000
 .rodata.__FUNCTION__.5538
                0x08011398        0xf ./rt-thread/src/object.o
 *fill*         0x080113a7        0x1 00000000
 .rodata.__FUNCTION__.5547
                0x080113a8       0x11 ./rt-thread/src/object.o
 *fill*         0x080113b9        0x3 00000000
 .rodata.__FUNCTION__.5556
                0x080113bc       0x13 ./rt-thread/src/object.o
 *fill*         0x080113cf        0x1 00000000
 .rodata.__FUNCTION__.5561
                0x080113d0       0x11 ./rt-thread/src/object.o
 *fill*         0x080113e1        0x3 00000000
 .rodata.__FUNCTION__.5565
                0x080113e4       0x1a ./rt-thread/src/object.o
 *fill*         0x080113fe        0x2 00000000
 .rodata.__FUNCTION__.5569
                0x08011400       0x13 ./rt-thread/src/object.o
 *fill*         0x08011413        0x1 00000000
 .rodata.__FUNCTION__.5578
                0x08011414        0xf ./rt-thread/src/object.o
 *fill*         0x08011423        0x1 00000000
 .rodata.__FUNCTION__.5480
                0x08011424       0x17 ./rt-thread/src/scheduler.o
 *fill*         0x0801143b        0x1 00000000
 .rodata.__FUNCTION__.5518
                0x0801143c       0x1a ./rt-thread/src/scheduler.o
 *fill*         0x08011456        0x2 00000000
 .rodata.__FUNCTION__.5524
                0x08011458       0x1a ./rt-thread/src/scheduler.o
 *fill*         0x08011472        0x2 00000000
 .rodata.__FUNCTION__.5485
                0x08011474       0x10 ./rt-thread/src/thread.o
 .rodata.__FUNCTION__.5497
                0x08011484        0xd ./rt-thread/src/thread.o
 *fill*         0x08011491        0x3 00000000
 .rodata.__FUNCTION__.5509
                0x08011494        0xf ./rt-thread/src/thread.o
 *fill*         0x080114a3        0x1 00000000
 .rodata.__FUNCTION__.5518
                0x080114a4       0x12 ./rt-thread/src/thread.o
 *fill*         0x080114b6        0x2 00000000
 .rodata.__FUNCTION__.5523
                0x080114b8       0x11 ./rt-thread/src/thread.o
 *fill*         0x080114c9        0x3 00000000
 .rodata.__FUNCTION__.5539
                0x080114cc       0x11 ./rt-thread/src/thread.o
 *fill*         0x080114dd        0x3 00000000
 .rodata.__FUNCTION__.5550
                0x080114e0       0x10 ./rt-thread/src/thread.o
 .rodata.__FUNCTION__.5573
                0x080114f0       0x12 ./rt-thread/src/thread.o
 *fill*         0x08011502        0x2 00000000
 .rodata.__FUNCTION__.5585
                0x08011504       0x12 ./rt-thread/src/thread.o
 *fill*         0x08011516        0x2 00000000
 .rodata.__FUNCTION__.5590
                0x08011518       0x11 ./rt-thread/src/thread.o
 *fill*         0x08011529        0x3 00000000
 .rodata.__FUNCTION__.5512
                0x0801152c        0xe ./rt-thread/src/timer.o
 *fill*         0x0801153a        0x2 00000000
 .rodata.__FUNCTION__.5517
                0x0801153c       0x10 ./rt-thread/src/timer.o
 .rodata.__FUNCTION__.5543
                0x0801154c        0xf ./rt-thread/src/timer.o
 *fill*         0x0801155b        0x1 00000000
 .rodata.__FUNCTION__.5560
                0x0801155c        0xe ./rt-thread/src/timer.o
 *fill*         0x0801156a        0x2 00000000
 .rodata.__FUNCTION__.5567
                0x0801156c       0x11 ./rt-thread/src/timer.o
 *fill*         0x0801157d        0x3 00000000
 .rodata.name   0x08011580      0x1b9 ./rt-thread/components/finsh/cmd.o
                0x08011580                __fsym_clear_name
                0x08011588                __fsym_clear_desc
                0x080115a4                __fsym_version_name
                0x080115ac                __fsym_version_desc
                0x080115d0                __fsym_list_thread_name
                0x080115dc                __fsym_list_thread_desc
                0x080115e8                __fsym_list_sem_name
                0x080115f4                __fsym_list_sem_desc
                0x08011610                __fsym_list_event_name
                0x0801161c                __fsym_list_event_desc
                0x08011634                __fsym_list_mutex_name
                0x08011640                __fsym_list_mutex_desc
                0x08011658                __fsym_list_mailbox_name
                0x08011668                __fsym_list_mailbox_desc
                0x08011680                __fsym_list_msgqueue_name
                0x08011690                __fsym_list_msgqueue_desc
                0x080116b0                __fsym_list_mempool_name
                0x080116c0                __fsym_list_mempool_desc
                0x080116dc                __fsym_list_timer_name
                0x080116e8                __fsym_list_timer_desc
                0x08011700                __fsym_list_device_name
                0x0801170c                __fsym_list_device_desc
                0x08011724                __fsym_list_name
                0x0801172c                __fsym_list_desc
 *fill*         0x08011739        0x3 00000000
 .rodata.device_type_str
                0x0801173c       0x78 ./rt-thread/components/finsh/cmd.o
 .rodata.name   0x080117b4       0x6d ./rt-thread/components/finsh/msh.o
                0x080117b4                __fsym_help_name
                0x080117bc                __fsym_help_desc
                0x080117d4                __fsym_ps_name
                0x080117d8                __fsym_ps_desc
                0x080117f4                __fsym_free_name
                0x080117fc                __fsym_free_desc
 *fill*         0x08011821        0x3 00000000
 .rodata.__FUNCTION__.7176
                0x08011824        0xe ./rt-thread/components/finsh/msh.o
 *fill*         0x08011832        0x2 00000000
 .rodata.name   0x08011834      0x1fc ./rt-thread/components/finsh/msh_file.o
                0x08011834                __fsym_ls_name
                0x08011838                __fsym_ls_desc
                0x0801185c                __fsym_cp_name
                0x08011860                __fsym_cp_desc
                0x08011878                __fsym_mv_name
                0x0801187c                __fsym_mv_desc
                0x08011894                __fsym_cat_name
                0x08011898                __fsym_cat_desc
                0x080118ac                __fsym_rm_name
                0x080118b0                __fsym_rm_desc
                0x080118cc                __fsym_cd_name
                0x080118d0                __fsym_cd_desc
                0x080118f4                __fsym_pwd_name
                0x080118f8                __fsym_pwd_desc
                0x0801192c                __fsym_mkdir_name
                0x08011934                __fsym_mkdir_desc
                0x0801194c                __fsym_mkfs_name
                0x08011954                __fsym_mkfs_desc
                0x08011974                __fsym_mount_name
                0x0801197c                __fsym_mount_desc
                0x080119a4                __fsym_umount_name
                0x080119ac                __fsym_umount_desc
                0x080119cc                __fsym_df_name
                0x080119d0                __fsym_df_desc
                0x080119dc                __fsym_echo_name
                0x080119e4                __fsym_echo_desc
                0x080119f8                __fsym_tail_name
                0x08011a00                __fsym_tail_desc
 .rodata.__FUNCTION__.6267
                0x08011a30       0x16 ./rt-thread/components/finsh/shell.o
 *fill*         0x08011a46        0x2 00000000
 .rodata.__FUNCTION__.6273
                0x08011a48        0xe ./rt-thread/components/finsh/shell.o
 *fill*         0x08011a56        0x2 00000000
 .rodata.__FUNCTION__.6281
                0x08011a58        0xd ./rt-thread/components/finsh/shell.o
 *fill*         0x08011a65        0x3 00000000
 .rodata.__FUNCTION__.6286
                0x08011a68       0x11 ./rt-thread/components/finsh/shell.o
 *fill*         0x08011a79        0x3 00000000
 .rodata.__FUNCTION__.5911
                0x08011a7c       0x1d ./rt-thread/components/drivers/serial/serial.o
 *fill*         0x08011a99        0x3 00000000
 .rodata.__FUNCTION__.5920
                0x08011a9c       0x1d ./rt-thread/components/drivers/serial/serial.o
 *fill*         0x08011ab9        0x3 00000000
 .rodata.__FUNCTION__.5926
                0x08011abc       0x1d ./rt-thread/components/drivers/serial/serial.o
 *fill*         0x08011ad9        0x3 00000000
 .rodata.__FUNCTION__.5952
                0x08011adc        0xf ./rt-thread/components/drivers/serial/serial.o
 *fill*         0x08011aeb        0x1 00000000
 .rodata.__FUNCTION__.5959
                0x08011aec        0xf ./rt-thread/components/drivers/serial/serial.o
 *fill*         0x08011afb        0x1 00000000
 .rodata.__FUNCTION__.5969
                0x08011afc       0x10 ./rt-thread/components/drivers/serial/serial.o
 .rodata.__FUNCTION__.5982
                0x08011b0c        0xf ./rt-thread/components/drivers/serial/serial.o
 *fill*         0x08011b1b        0x1 00000000
 .rodata.__FUNCTION__.5886
                0x08011b1c        0xf ./rt-thread/components/drivers/serial/serial.o
 *fill*         0x08011b2b        0x1 00000000
 .rodata.__FUNCTION__.5933
                0x08011b2c        0xf ./rt-thread/components/drivers/serial/serial.o
 *fill*         0x08011b3b        0x1 00000000
 .rodata.__FUNCTION__.5865
                0x08011b3c       0x10 ./rt-thread/components/drivers/serial/serial.o
 .rodata.__FUNCTION__.5990
                0x08011b4c       0x10 ./rt-thread/components/drivers/serial/serial.o
 .rodata.__FUNCTION__.5899
                0x08011b5c        0xf ./rt-thread/components/drivers/serial/serial.o
 *fill*         0x08011b6b        0x1 00000000
 .rodata.__FUNCTION__.5875
                0x08011b6c       0x10 ./rt-thread/components/drivers/serial/serial.o
 .rodata.__FUNCTION__.5998
                0x08011b7c       0x12 ./rt-thread/components/drivers/serial/serial.o
 *fill*         0x08011b8e        0x2 00000000
 .rodata.__FUNCTION__.6013
                0x08011b90       0x16 ./rt-thread/components/drivers/serial/serial.o
 *fill*         0x08011ba6        0x2 00000000
 .rodata.__FUNCTION__.6022
                0x08011ba8       0x11 ./rt-thread/components/drivers/serial/serial.o
 *fill*         0x08011bb9        0x3 00000000
 .rodata.name   0x08011bbc       0x11 ./rt-thread/components/drivers/misc/pin.o
                0x08011bbc                __fsym_pin_name
                0x08011bc0                __fsym_pin_desc
 *fill*         0x08011bcd        0x3 00000000
 .rodata.__FUNCTION__.5460
                0x08011bd0        0xa ./rt-thread/components/drivers/misc/pin.o
 *fill*         0x08011bda        0x2 00000000
 .rodata.__FUNCTION__.5469
                0x08011bdc        0xb ./rt-thread/components/drivers/misc/pin.o
 *fill*         0x08011be7        0x1 00000000
 .rodata.__FUNCTION__.5477
                0x08011be8        0xd ./rt-thread/components/drivers/misc/pin.o
 *fill*         0x08011bf5        0x3 00000000
 .rodata.__FUNCTION__.5504
                0x08011bf8        0xc ./rt-thread/components/drivers/misc/pin.o
 .rodata.__FUNCTION__.5509
                0x08011c04        0xd ./rt-thread/components/drivers/misc/pin.o
 *fill*         0x08011c11        0x3 00000000
 .rodata.__FUNCTION__.5513
                0x08011c14        0xc ./rt-thread/components/drivers/misc/pin.o
 .rodata.__FUNCTION__.5517
                0x08011c20        0xb ./rt-thread/components/drivers/misc/pin.o
 *fill*         0x08011c2b        0x1 00000000
 .rodata.__FUNCTION__.5862
                0x08011c2c       0x13 ./rt-thread/components/drivers/ipc/completion.o
 *fill*         0x08011c3f        0x1 00000000
 .rodata.__FUNCTION__.5870
                0x08011c40       0x13 ./rt-thread/components/drivers/ipc/completion.o
 *fill*         0x08011c53        0x1 00000000
 .rodata.__FUNCTION__.5879
                0x08011c54       0x13 ./rt-thread/components/drivers/ipc/completion.o
 *fill*         0x08011c67        0x1 00000000
 .rodata.__FUNCTION__.5868
                0x08011c68       0x13 ./rt-thread/components/drivers/ipc/dataqueue.o
 *fill*         0x08011c7b        0x1 00000000
 .rodata.__FUNCTION__.5878
                0x08011c7c       0x13 ./rt-thread/components/drivers/ipc/dataqueue.o
 *fill*         0x08011c8f        0x1 00000000
 .rodata.__FUNCTION__.5895
                0x08011c90       0x12 ./rt-thread/components/drivers/ipc/dataqueue.o
 *fill*         0x08011ca2        0x2 00000000
 .rodata.__FUNCTION__.5909
                0x08011ca4       0x13 ./rt-thread/components/drivers/ipc/dataqueue.o
 *fill*         0x08011cb7        0x1 00000000
 .rodata.__FUNCTION__.5915
                0x08011cb8       0x14 ./rt-thread/components/drivers/ipc/dataqueue.o
 .rodata.__FUNCTION__.5926
                0x08011ccc       0x15 ./rt-thread/components/drivers/ipc/dataqueue.o
 *fill*         0x08011ce1        0x3 00000000
 .rodata.__FUNCTION__.5932
                0x08011ce4       0x12 ./rt-thread/components/drivers/ipc/dataqueue.o
 *fill*         0x08011cf6        0x2 00000000
 .rodata.name   0x08011cf8       0x1d ./rt-thread/components/dfs/src/dfs.o
                0x08011cf8                __fsym_list_fd_name
                0x08011d00                __fsym_list_fd_desc
 *fill*         0x08011d15        0x3 00000000
 .rodata.__FUNCTION__.7011
                0x08011d18        0x9 ./rt-thread/components/dfs/src/dfs.o
 *fill*         0x08011d21        0x3 00000000
 .rodata.__FUNCTION__.7045
                0x08011d24        0x7 ./rt-thread/components/dfs/src/dfs.o
 *fill*         0x08011d2b        0x1 00000000
 .rodata.__FUNCTION__.7077
                0x08011d2c       0x13 ./rt-thread/components/dfs/src/dfs.o
 *fill*         0x08011d3f        0x1 00000000
 .rodata.__FUNCTION__.7010
                0x08011d40       0x16 ./rt-thread/components/dfs/src/dfs_fs.o
 *fill*         0x08011d56        0x2 00000000
 .rodata.name   0x08011d58       0x16 ./libraries/Drivers/drv_common.o
                0x08011d58                __fsym_reboot_name
                0x08011d60                __fsym_reboot_desc
 *fill*         0x08011d6e        0x2 00000000
 .rodata.pin_irq_map
                0x08011d70       0x40 ./libraries/Drivers/drv_gpio.o
 .rodata._apm32_pin_ops
                0x08011db0       0x1c ./libraries/Drivers/drv_gpio.o
 .rodata.apm32_usart_ops
                0x08011dcc       0x14 ./libraries/Drivers/drv_usart.o
 .rodata.__FUNCTION__.12747
                0x08011de0       0x10 ./libraries/Drivers/drv_usart.o
 .rodata.__FUNCTION__.12768
                0x08011df0        0xe ./libraries/Drivers/drv_usart.o
 *fill*         0x08011dfe        0x2 00000000
 .rodata.__FUNCTION__.12777
                0x08011e00        0xb ./libraries/Drivers/drv_usart.o
 *fill*         0x08011e0b        0x1 00000000
 .rodata.__FUNCTION__.12786
                0x08011e0c        0xb ./libraries/Drivers/drv_usart.o
 *fill*         0x08011e17        0x1 00000000
 .rodata.__FUNCTION__.12791
                0x08011e18        0xa ./libraries/Drivers/drv_usart.o
 *fill*         0x08011e22        0x2 00000000
 .rodata.__FUNCTION__.12803
                0x08011e24       0x11 ./libraries/Drivers/drv_usart.o
 *fill*         0x08011e35        0x3 00000000
 .rodata.str1.4
                0x08011e38       0x14 c:/rt-threadstudio/repo/extract/toolchain_support_packages/arm/gnu_tools_for_arm_embedded_processors/5.4.1/bin/../lib/gcc/arm-none-eabi/5.4.1/../../../../arm-none-eabi/lib/armv7e-m/fpu\libc.a(lib_a-locale.o)
                                 0x12 (size before relaxing)
 .rodata._ctype_
                0x08011e4c      0x101 c:/rt-threadstudio/repo/extract/toolchain_support_packages/arm/gnu_tools_for_arm_embedded_processors/5.4.1/bin/../lib/gcc/arm-none-eabi/5.4.1/../../../../arm-none-eabi/lib/armv7e-m/fpu\libc.a(lib_a-ctype_.o)
                0x08011e4c                _ctype_
 *(.glue_7)
 .glue_7        0x08011f4d        0x0 linker stubs
 *(.glue_7t)
 .glue_7t       0x08011f4d        0x0 linker stubs
 *(.gnu.linkonce.t*)
                0x08011f50                . = ALIGN (0x4)
 *fill*         0x08011f4d        0x3 00000000
                0x08011f50                __fsymtab_start = .
 *(FSymTab)
 FSymTab        0x08011f50       0x90 ./rt-thread/components/finsh/cmd.o
                0x08011f50                __fsym_clear
                0x08011f5c                __fsym_version
                0x08011f68                __fsym_list_thread
                0x08011f74                __fsym_list_sem
                0x08011f80                __fsym_list_event
                0x08011f8c                __fsym_list_mutex
                0x08011f98                __fsym_list_mailbox
                0x08011fa4                __fsym_list_msgqueue
                0x08011fb0                __fsym_list_mempool
                0x08011fbc                __fsym_list_timer
                0x08011fc8                __fsym_list_device
                0x08011fd4                __fsym_list
 FSymTab        0x08011fe0       0x24 ./rt-thread/components/finsh/msh.o
                0x08011fe0                __fsym_help
                0x08011fec                __fsym_ps
                0x08011ff8                __fsym_free
 FSymTab        0x08012004       0xa8 ./rt-thread/components/finsh/msh_file.o
                0x08012004                __fsym_ls
                0x08012010                __fsym_cp
                0x0801201c                __fsym_mv
                0x08012028                __fsym_cat
                0x08012034                __fsym_rm
                0x08012040                __fsym_cd
                0x0801204c                __fsym_pwd
                0x08012058                __fsym_mkdir
                0x08012064                __fsym_mkfs
                0x08012070                __fsym_mount
                0x0801207c                __fsym_umount
                0x08012088                __fsym_df
                0x08012094                __fsym_echo
                0x080120a0                __fsym_tail
 FSymTab        0x080120ac        0xc ./rt-thread/components/drivers/misc/pin.o
                0x080120ac                __fsym_pin
 FSymTab        0x080120b8        0xc ./rt-thread/components/dfs/src/dfs.o
                0x080120b8                __fsym_list_fd
 FSymTab        0x080120c4        0xc ./libraries/Drivers/drv_common.o
                0x080120c4                __fsym_reboot
                0x080120d0                __fsymtab_end = .
                0x080120d0                . = ALIGN (0x4)
                0x080120d0                __vsymtab_start = .
 *(VSymTab)
                0x080120d0                __vsymtab_end = .
                0x080120d0                . = ALIGN (0x4)
                0x080120d0                . = ALIGN (0x4)
                0x080120d0                __rt_init_start = .
 *(SORT(.rti_fn*))
 .rti_fn.0      0x080120d0        0x4 ./rt-thread/src/components.o
                0x080120d0                __rt_init_rti_start
 .rti_fn.0.end  0x080120d4        0x4 ./rt-thread/src/components.o
                0x080120d4                __rt_init_rti_board_start
 .rti_fn.1.end  0x080120d8        0x4 ./rt-thread/src/components.o
                0x080120d8                __rt_init_rti_board_end
 .rti_fn.2      0x080120dc        0x4 ./rt-thread/components/dfs/src/dfs.o
                0x080120dc                __rt_init_dfs_init
 .rti_fn.6      0x080120e0        0x4 ./rt-thread/components/finsh/shell.o
                0x080120e0                __rt_init_finsh_system_init
 .rti_fn.6.end  0x080120e4        0x4 ./rt-thread/src/components.o
                0x080120e4                __rt_init_rti_end
                0x080120e8                __rt_init_end = .
                0x080120e8                . = ALIGN (0x4)
                0x080120e8                . = ALIGN (0x4)
                0x080120e8                _etext = .
                0x080120e8                __exidx_start = .

.vfp11_veneer   0x080120e8        0x0
 .vfp11_veneer  0x080120e8        0x0 linker stubs

.v4_bx          0x080120e8        0x0
 .v4_bx         0x080120e8        0x0 linker stubs

.init           0x080120e8        0x4
 .init          0x080120e8        0x4 c:/rt-threadstudio/repo/extract/toolchain_support_packages/arm/gnu_tools_for_arm_embedded_processors/5.4.1/bin/../lib/gcc/arm-none-eabi/5.4.1/armv7e-m/fpu/crti.o
                0x080120e8                _init

.fini           0x080120ec        0x4
 .fini          0x080120ec        0x4 c:/rt-threadstudio/repo/extract/toolchain_support_packages/arm/gnu_tools_for_arm_embedded_processors/5.4.1/bin/../lib/gcc/arm-none-eabi/5.4.1/armv7e-m/fpu/crti.o
                0x080120ec                _fini

.iplt           0x080120f0        0x0
 .iplt          0x080120f0        0x0 c:/rt-threadstudio/repo/extract/toolchain_support_packages/arm/gnu_tools_for_arm_embedded_processors/5.4.1/bin/../lib/gcc/arm-none-eabi/5.4.1/armv7e-m/fpu/crtbegin.o

.rel.dyn        0x080120f0        0x0
 .rel.iplt      0x080120f0        0x0 c:/rt-threadstudio/repo/extract/toolchain_support_packages/arm/gnu_tools_for_arm_embedded_processors/5.4.1/bin/../lib/gcc/arm-none-eabi/5.4.1/armv7e-m/fpu/crtbegin.o

.ARM.exidx      0x080120f0        0x0
 *(.ARM.exidx* .gnu.linkonce.armexidx.*)
                0x080120f0                _sidata = .
                0x080120f0                __exidx_end = .

.data           0x20000000      0x898 load address 0x080120f0
                0x20000000                . = ALIGN (0x4)
                0x20000000                _sdata = .
 *(.data)
 *(.data.*)
 .data._rt_thread_defunct
                0x20000000        0x8 ./rt-thread/src/idle.o
 .data.rt_errno_strs
                0x20000008       0x30 ./rt-thread/src/kservice.o
 .data._object_container
                0x20000038       0xa0 ./rt-thread/src/object.o
 .data._soft_timer_status
                0x200000d8        0x1 ./rt-thread/src/timer.o
 *fill*         0x200000d9        0x3 
 .data.working_directory
                0x200000dc      0x100 ./rt-thread/components/dfs/src/dfs.o
                0x200000dc                working_directory
 .data.pin_irq_hdr_tab
                0x200001dc       0xc0 ./libraries/Drivers/drv_gpio.o
 .data.usart_config
                0x2000029c       0x60 ./libraries/Drivers/drv_usart.o
 *fill*         0x200002fc        0x4 
 .data.impure_data
                0x20000300      0x428 c:/rt-threadstudio/repo/extract/toolchain_support_packages/arm/gnu_tools_for_arm_embedded_processors/5.4.1/bin/../lib/gcc/arm-none-eabi/5.4.1/../../../../arm-none-eabi/lib/armv7e-m/fpu\libc.a(lib_a-impure.o)
 .data._impure_ptr
                0x20000728        0x4 c:/rt-threadstudio/repo/extract/toolchain_support_packages/arm/gnu_tools_for_arm_embedded_processors/5.4.1/bin/../lib/gcc/arm-none-eabi/5.4.1/../../../../arm-none-eabi/lib/armv7e-m/fpu\libc.a(lib_a-impure.o)
                0x20000728                _impure_ptr
 .data.__global_locale
                0x2000072c      0x16c c:/rt-threadstudio/repo/extract/toolchain_support_packages/arm/gnu_tools_for_arm_embedded_processors/5.4.1/bin/../lib/gcc/arm-none-eabi/5.4.1/../../../../arm-none-eabi/lib/armv7e-m/fpu\libc.a(lib_a-locale.o)
                0x2000072c                __global_locale
 *(.gnu.linkonce.d*)
                0x20000898                . = ALIGN (0x4)
                0x20000898                _edata = .

.igot.plt       0x20000898        0x0 load address 0x08012988
 .igot.plt      0x20000898        0x0 c:/rt-threadstudio/repo/extract/toolchain_support_packages/arm/gnu_tools_for_arm_embedded_processors/5.4.1/bin/../lib/gcc/arm-none-eabi/5.4.1/armv7e-m/fpu/crtbegin.o

.stack          0x20000898      0x200 load address 0x08012988
                0x20000a98                . = (. + _system_stack_size)
 *fill*         0x20000898      0x200 
                0x20000a98                . = ALIGN (0x4)
                0x20000a98                _estack = .
                0x20000a98                __bss_start = .

.bss            0x20000a98      0x8cc load address 0x08012b88
                0x20000a98                . = ALIGN (0x4)
                0x20000a98                _sbss = .
 *(.bss)
 *(.bss.*)
 .bss.rt_tick   0x20000a98        0x4 ./rt-thread/src/clock.o
 .bss.rt_tick_hook
                0x20000a9c        0x4 ./rt-thread/src/clock.o
 .bss.idle      0x20000aa0       0x80 ./rt-thread/src/idle.o
 .bss.rt_thread_stack
                0x20000b20      0x100 ./rt-thread/src/idle.o
 .bss.idle_hook_list
                0x20000c20       0x10 ./rt-thread/src/idle.o
 .bss.rt_interrupt_enter_hook
                0x20000c30        0x4 ./rt-thread/src/irq.o
 .bss.rt_interrupt_leave_hook
                0x20000c34        0x4 ./rt-thread/src/irq.o
 .bss.rt_interrupt_nest
                0x20000c38        0x1 ./rt-thread/src/irq.o
                0x20000c38                rt_interrupt_nest
 *fill*         0x20000c39        0x3 
 .bss.__rt_errno
                0x20000c3c        0x4 ./rt-thread/src/kservice.o
 .bss._console_device
                0x20000c40        0x4 ./rt-thread/src/kservice.o
 .bss.rt_malloc_hook
                0x20000c44        0x4 ./rt-thread/src/kservice.o
 .bss.rt_free_hook